11:19:37 **** Incremental Build of configuration Debug for project Zybo-Z7-10-HDMI ****
make pre-build main-build 
a9-linaro-pre-build-step
' '
make: Nothing to be done for 'main-build'.
11:19:42 **** Incremental Build of configuration Debug for project Zybo-Z7-10-HDMI ****
make pre-build main-build 
a9-linaro-pre-build-step
' '
'Building file: ../src/video_demo.c'
'Invoking: ARM v7 gcc compiler'
arm-none-eabi-gcc -Wall -O0 -g3 -c -fmessage-length=0 -MT"src/video_demo.o" -mcpu=cortex-a9 -mfpu=vfpv3 -mfloat-abi=hard -I../../Zybo-Z7-10-HDMI_bsp/ps7_cortexa9_0/include -MMD -MP -MF"src/video_demo.d" -MT"src/video_demo.o" -o "src/video_demo.o" "../src/video_demo.c"
../src/video_demo.c: In function 'DemoPrintTest':
../src/video_demo.c:661:7: warning: 'wCurrentInt' may be used uninitialized in this function [-Wmaybe-uninitialized]
    if (wCurrentInt > 7)
       ^
'Finished building: ../src/video_demo.c'
' '
'Building target: Zybo-Z7-10-HDMI.elf'
'Invoking: ARM v7 gcc linker'
arm-none-eabi-gcc -mcpu=cortex-a9 -mfpu=vfpv3 -mfloat-abi=hard -Wl,-build-id=none -specs=Xilinx.spec -Wl,-T -Wl,../src/lscript.ld -L../../Zybo-Z7-10-HDMI_bsp/ps7_cortexa9_0/lib -o "Zybo-Z7-10-HDMI.elf"  ./src/video_capture/video_capture.o  ./src/timer_ps/timer_ps.o  ./src/intc/intc.o  ./src/dynclk/dynclk.o  ./src/display_ctrl/display_ctrl.o  ./src/video_demo.o   -Wl,--start-group,-lxil,-lgcc,-lc,--end-group
'Finished building target: Zybo-Z7-10-HDMI.elf'
' '
'Invoking: ARM v7 Print Size'
arm-none-eabi-size Zybo-Z7-10-HDMI.elf  |tee "Zybo-Z7-10-HDMI.elf.size"
   text	   data	    bss	    dec	    hex	filename
 117268	   3520	12468160	12588948	 c01794	Zybo-Z7-10-HDMI.elf
'Finished building: Zybo-Z7-10-HDMI.elf.size'
' '
11:20:05 **** Incremental Build of configuration Debug for project Zybo-Z7-10-HDMI ****
make pre-build main-build 
a9-linaro-pre-build-step
' '
make: Nothing to be done for 'main-build'.
11:20:28 **** Incremental Build of configuration Debug for project Zybo-Z7-10-HDMI ****
make pre-build main-build 
a9-linaro-pre-build-step
' '
make: Nothing to be done for 'main-build'.
11:22:23 **** Auto Build of configuration Debug for project Zybo-Z7-10-HDMI ****
make pre-build main-build 
a9-linaro-pre-build-step
' '
'Building file: ../src/video_demo.c'
'Invoking: ARM v7 gcc compiler'
arm-none-eabi-gcc -Wall -O0 -g3 -c -fmessage-length=0 -MT"src/video_demo.o" -mcpu=cortex-a9 -mfpu=vfpv3 -mfloat-abi=hard -I../../Zybo-Z7-10-HDMI_bsp/ps7_cortexa9_0/include -MMD -MP -MF"src/video_demo.d" -MT"src/video_demo.o" -o "src/video_demo.o" "../src/video_demo.c"
../src/video_demo.c: In function 'DemoPrintTest':
../src/video_demo.c:661:7: warning: 'wCurrentInt' may be used uninitialized in this function [-Wmaybe-uninitialized]
    if (wCurrentInt > 7)
       ^
'Finished building: ../src/video_demo.c'
' '
'Building target: Zybo-Z7-10-HDMI.elf'
'Invoking: ARM v7 gcc linker'
arm-none-eabi-gcc -mcpu=cortex-a9 -mfpu=vfpv3 -mfloat-abi=hard -Wl,-build-id=none -specs=Xilinx.spec -Wl,-T -Wl,../src/lscript.ld -L../../Zybo-Z7-10-HDMI_bsp/ps7_cortexa9_0/lib -o "Zybo-Z7-10-HDMI.elf"  ./src/video_capture/video_capture.o  ./src/timer_ps/timer_ps.o  ./src/intc/intc.o  ./src/dynclk/dynclk.o  ./src/display_ctrl/display_ctrl.o  ./src/video_demo.o   -Wl,--start-group,-lxil,-lgcc,-lc,--end-group
'Finished building target: Zybo-Z7-10-HDMI.elf'
' '
'Invoking: ARM v7 Print Size'
arm-none-eabi-size Zybo-Z7-10-HDMI.elf  |tee "Zybo-Z7-10-HDMI.elf.size"
   text	   data	    bss	    dec	    hex	filename
 117268	   3520	12468160	12588948	 c01794	Zybo-Z7-10-HDMI.elf
'Finished building: Zybo-Z7-10-HDMI.elf.size'
' '
11:22:33 **** Incremental Build of configuration Debug for project Zybo-Z7-10-HDMI ****
make pre-build main-build 
a9-linaro-pre-build-step
' '
make: Nothing to be done for 'main-build'.
11:24:03 **** Incremental Build of configuration Debug for project Zybo-Z7-10-HDMI ****
make pre-build main-build 
a9-linaro-pre-build-step
' '
'Building file: ../src/video_demo.c'
'Invoking: ARM v7 gcc compiler'
arm-none-eabi-gcc -Wall -O0 -g3 -c -fmessage-length=0 -MT"src/video_demo.o" -mcpu=cortex-a9 -mfpu=vfpv3 -mfloat-abi=hard -I../../Zybo-Z7-10-HDMI_bsp/ps7_cortexa9_0/include -MMD -MP -MF"src/video_demo.d" -MT"src/video_demo.o" -o "src/video_demo.o" "../src/video_demo.c"
../src/video_demo.c: In function 'DemoPrintTest':
../src/video_demo.c:661:7: warning: 'wCurrentInt' may be used uninitialized in this function [-Wmaybe-uninitialized]
    if (wCurrentInt > 7)
       ^
'Finished building: ../src/video_demo.c'
' '
'Building target: Zybo-Z7-10-HDMI.elf'
'Invoking: ARM v7 gcc linker'
arm-none-eabi-gcc -mcpu=cortex-a9 -mfpu=vfpv3 -mfloat-abi=hard -Wl,-build-id=none -specs=Xilinx.spec -Wl,-T -Wl,../src/lscript.ld -L../../Zybo-Z7-10-HDMI_bsp/ps7_cortexa9_0/lib -o "Zybo-Z7-10-HDMI.elf"  ./src/video_capture/video_capture.o  ./src/timer_ps/timer_ps.o  ./src/intc/intc.o  ./src/dynclk/dynclk.o  ./src/display_ctrl/display_ctrl.o  ./src/video_demo.o   -Wl,--start-group,-lxil,-lgcc,-lc,--end-group
'Finished building target: Zybo-Z7-10-HDMI.elf'
' '
'Invoking: ARM v7 Print Size'
arm-none-eabi-size Zybo-Z7-10-HDMI.elf  |tee "Zybo-Z7-10-HDMI.elf.size"
   text	   data	    bss	    dec	    hex	filename
 117268	   3520	12468160	12588948	 c01794	Zybo-Z7-10-HDMI.elf
'Finished building: Zybo-Z7-10-HDMI.elf.size'
' '
11:24:43 **** Auto Build of configuration Debug for project Zybo-Z7-10-HDMI ****
make pre-build main-build 
a9-linaro-pre-build-step
' '
'Building file: ../src/video_demo.c'
'Invoking: ARM v7 gcc compiler'
arm-none-eabi-gcc -Wall -O0 -g3 -c -fmessage-length=0 -MT"src/video_demo.o" -mcpu=cortex-a9 -mfpu=vfpv3 -mfloat-abi=hard -I../../Zybo-Z7-10-HDMI_bsp/ps7_cortexa9_0/include -MMD -MP -MF"src/video_demo.d" -MT"src/video_demo.o" -o "src/video_demo.o" "../src/video_demo.c"
../src/video_demo.c: In function 'DemoPrintTest':
../src/video_demo.c:661:7: warning: 'wCurrentInt' may be used uninitialized in this function [-Wmaybe-uninitialized]
    if (wCurrentInt > 7)
       ^
'Finished building: ../src/video_demo.c'
' '
'Building target: Zybo-Z7-10-HDMI.elf'
'Invoking: ARM v7 gcc linker'
arm-none-eabi-gcc -mcpu=cortex-a9 -mfpu=vfpv3 -mfloat-abi=hard -Wl,-build-id=none -specs=Xilinx.spec -Wl,-T -Wl,../src/lscript.ld -L../../Zybo-Z7-10-HDMI_bsp/ps7_cortexa9_0/lib -o "Zybo-Z7-10-HDMI.elf"  ./src/video_capture/video_capture.o  ./src/timer_ps/timer_ps.o  ./src/intc/intc.o  ./src/dynclk/dynclk.o  ./src/display_ctrl/display_ctrl.o  ./src/video_demo.o   -Wl,--start-group,-lxil,-lgcc,-lc,--end-group
'Finished building target: Zybo-Z7-10-HDMI.elf'
' '
'Invoking: ARM v7 Print Size'
arm-none-eabi-size Zybo-Z7-10-HDMI.elf  |tee "Zybo-Z7-10-HDMI.elf.size"
   text	   data	    bss	    dec	    hex	filename
 117268	   3520	12468160	12588948	 c01794	Zybo-Z7-10-HDMI.elf
'Finished building: Zybo-Z7-10-HDMI.elf.size'
' '
11:25:15 **** Incremental Build of configuration Debug for project Zybo-Z7-10-HDMI ****
make pre-build main-build 
a9-linaro-pre-build-step
' '
make: Nothing to be done for 'main-build'.
11:25:55 **** Auto Build of configuration Debug for project Zybo-Z7-10-HDMI ****
make pre-build main-build 
a9-linaro-pre-build-step
' '
'Building file: ../src/video_demo.c'
'Invoking: ARM v7 gcc compiler'
arm-none-eabi-gcc -Wall -O0 -g3 -c -fmessage-length=0 -MT"src/video_demo.o" -mcpu=cortex-a9 -mfpu=vfpv3 -mfloat-abi=hard -I../../Zybo-Z7-10-HDMI_bsp/ps7_cortexa9_0/include -MMD -MP -MF"src/video_demo.d" -MT"src/video_demo.o" -o "src/video_demo.o" "../src/video_demo.c"
../src/video_demo.c: In function 'DemoPrintTest':
../src/video_demo.c:661:7: warning: 'wCurrentInt' may be used uninitialized in this function [-Wmaybe-uninitialized]
    if (wCurrentInt > 7)
       ^
'Finished building: ../src/video_demo.c'
' '
'Building target: Zybo-Z7-10-HDMI.elf'
'Invoking: ARM v7 gcc linker'
arm-none-eabi-gcc -mcpu=cortex-a9 -mfpu=vfpv3 -mfloat-abi=hard -Wl,-build-id=none -specs=Xilinx.spec -Wl,-T -Wl,../src/lscript.ld -L../../Zybo-Z7-10-HDMI_bsp/ps7_cortexa9_0/lib -o "Zybo-Z7-10-HDMI.elf"  ./src/video_capture/video_capture.o  ./src/timer_ps/timer_ps.o  ./src/intc/intc.o  ./src/dynclk/dynclk.o  ./src/display_ctrl/display_ctrl.o  ./src/video_demo.o   -Wl,--start-group,-lxil,-lgcc,-lc,--end-group
'Finished building target: Zybo-Z7-10-HDMI.elf'
' '
'Invoking: ARM v7 Print Size'
arm-none-eabi-size Zybo-Z7-10-HDMI.elf  |tee "Zybo-Z7-10-HDMI.elf.size"
   text	   data	    bss	    dec	    hex	filename
 117268	   3520	12468160	12588948	 c01794	Zybo-Z7-10-HDMI.elf
'Finished building: Zybo-Z7-10-HDMI.elf.size'
' '
11:26:04 **** Incremental Build of configuration Debug for project Zybo-Z7-10-HDMI ****
make pre-build main-build 
a9-linaro-pre-build-step
' '
make: Nothing to be done for 'main-build'.
11:26:46 **** Auto Build of configuration Debug for project Zybo-Z7-10-HDMI ****
make pre-build main-build 
a9-linaro-pre-build-step
' '
'Building file: ../src/video_demo.c'
'Invoking: ARM v7 gcc compiler'
arm-none-eabi-gcc -Wall -O0 -g3 -c -fmessage-length=0 -MT"src/video_demo.o" -mcpu=cortex-a9 -mfpu=vfpv3 -mfloat-abi=hard -I../../Zybo-Z7-10-HDMI_bsp/ps7_cortexa9_0/include -MMD -MP -MF"src/video_demo.d" -MT"src/video_demo.o" -o "src/video_demo.o" "../src/video_demo.c"
../src/video_demo.c: In function 'DemoPrintTest':
../src/video_demo.c:661:7: warning: 'wCurrentInt' may be used uninitialized in this function [-Wmaybe-uninitialized]
    if (wCurrentInt > 7)
       ^
'Finished building: ../src/video_demo.c'
' '
'Building target: Zybo-Z7-10-HDMI.elf'
'Invoking: ARM v7 gcc linker'
arm-none-eabi-gcc -mcpu=cortex-a9 -mfpu=vfpv3 -mfloat-abi=hard -Wl,-build-id=none -specs=Xilinx.spec -Wl,-T -Wl,../src/lscript.ld -L../../Zybo-Z7-10-HDMI_bsp/ps7_cortexa9_0/lib -o "Zybo-Z7-10-HDMI.elf"  ./src/video_capture/video_capture.o  ./src/timer_ps/timer_ps.o  ./src/intc/intc.o  ./src/dynclk/dynclk.o  ./src/display_ctrl/display_ctrl.o  ./src/video_demo.o   -Wl,--start-group,-lxil,-lgcc,-lc,--end-group
'Finished building target: Zybo-Z7-10-HDMI.elf'
' '
'Invoking: ARM v7 Print Size'
arm-none-eabi-size Zybo-Z7-10-HDMI.elf  |tee "Zybo-Z7-10-HDMI.elf.size"
   text	   data	    bss	    dec	    hex	filename
 117268	   3520	12468160	12588948	 c01794	Zybo-Z7-10-HDMI.elf
'Finished building: Zybo-Z7-10-HDMI.elf.size'
' '
11:26:55 **** Auto Build of configuration Debug for project Zybo-Z7-10-HDMI ****
make pre-build main-build 
a9-linaro-pre-build-step
' '
'Building file: ../src/video_demo.c'
'Invoking: ARM v7 gcc compiler'
arm-none-eabi-gcc -Wall -O0 -g3 -c -fmessage-length=0 -MT"src/video_demo.o" -mcpu=cortex-a9 -mfpu=vfpv3 -mfloat-abi=hard -I../../Zybo-Z7-10-HDMI_bsp/ps7_cortexa9_0/include -MMD -MP -MF"src/video_demo.d" -MT"src/video_demo.o" -o "src/video_demo.o" "../src/video_demo.c"
../src/video_demo.c: In function 'DemoPrintTest':
../src/video_demo.c:661:7: warning: 'wCurrentInt' may be used uninitialized in this function [-Wmaybe-uninitialized]
    if (wCurrentInt > 7)
       ^
'Finished building: ../src/video_demo.c'
' '
'Building target: Zybo-Z7-10-HDMI.elf'
'Invoking: ARM v7 gcc linker'
arm-none-eabi-gcc -mcpu=cortex-a9 -mfpu=vfpv3 -mfloat-abi=hard -Wl,-build-id=none -specs=Xilinx.spec -Wl,-T -Wl,../src/lscript.ld -L../../Zybo-Z7-10-HDMI_bsp/ps7_cortexa9_0/lib -o "Zybo-Z7-10-HDMI.elf"  ./src/video_capture/video_capture.o  ./src/timer_ps/timer_ps.o  ./src/intc/intc.o  ./src/dynclk/dynclk.o  ./src/display_ctrl/display_ctrl.o  ./src/video_demo.o   -Wl,--start-group,-lxil,-lgcc,-lc,--end-group
'Finished building target: Zybo-Z7-10-HDMI.elf'
' '
'Invoking: ARM v7 Print Size'
arm-none-eabi-size Zybo-Z7-10-HDMI.elf  |tee "Zybo-Z7-10-HDMI.elf.size"
   text	   data	    bss	    dec	    hex	filename
 117268	   3520	12468160	12588948	 c01794	Zybo-Z7-10-HDMI.elf
'Finished building: Zybo-Z7-10-HDMI.elf.size'
' '
11:27:04 **** Incremental Build of configuration Debug for project Zybo-Z7-10-HDMI ****
make pre-build main-build 
a9-linaro-pre-build-step
' '
make: Nothing to be done for 'main-build'.
11:32:27 **** Auto Build of configuration Debug for project Zybo-Z7-10-HDMI ****
make pre-build main-build 
a9-linaro-pre-build-step
' '
'Building file: ../src/video_demo.c'
'Invoking: ARM v7 gcc compiler'
arm-none-eabi-gcc -Wall -O0 -g3 -c -fmessage-length=0 -MT"src/video_demo.o" -mcpu=cortex-a9 -mfpu=vfpv3 -mfloat-abi=hard -I../../Zybo-Z7-10-HDMI_bsp/ps7_cortexa9_0/include -MMD -MP -MF"src/video_demo.d" -MT"src/video_demo.o" -o "src/video_demo.o" "../src/video_demo.c"
'Finished building: ../src/video_demo.c'
' '
'Building target: Zybo-Z7-10-HDMI.elf'
'Invoking: ARM v7 gcc linker'
arm-none-eabi-gcc -mcpu=cortex-a9 -mfpu=vfpv3 -mfloat-abi=hard -Wl,-build-id=none -specs=Xilinx.spec -Wl,-T -Wl,../src/lscript.ld -L../../Zybo-Z7-10-HDMI_bsp/ps7_cortexa9_0/lib -o "Zybo-Z7-10-HDMI.elf"  ./src/video_capture/video_capture.o  ./src/timer_ps/timer_ps.o  ./src/intc/intc.o  ./src/dynclk/dynclk.o  ./src/display_ctrl/display_ctrl.o  ./src/video_demo.o   -Wl,--start-group,-lxil,-lgcc,-lc,--end-group
'Finished building target: Zybo-Z7-10-HDMI.elf'
' '
'Invoking: ARM v7 Print Size'
arm-none-eabi-size Zybo-Z7-10-HDMI.elf  |tee "Zybo-Z7-10-HDMI.elf.size"
   text	   data	    bss	    dec	    hex	filename
 117268	   3520	12468160	12588948	 c01794	Zybo-Z7-10-HDMI.elf
'Finished building: Zybo-Z7-10-HDMI.elf.size'
' '
11:32:37 **** Incremental Build of configuration Debug for project Zybo-Z7-10-HDMI ****
make pre-build main-build 
a9-linaro-pre-build-step
' '
make: Nothing to be done for 'main-build'.
11:34:21 **** Auto Build of configuration Debug for project Zybo-Z7-10-HDMI ****
make pre-build main-build 
a9-linaro-pre-build-step
' '
'Building file: ../src/video_demo.c'
'Invoking: ARM v7 gcc compiler'
arm-none-eabi-gcc -Wall -O0 -g3 -c -fmessage-length=0 -MT"src/video_demo.o" -mcpu=cortex-a9 -mfpu=vfpv3 -mfloat-abi=hard -I../../Zybo-Z7-10-HDMI_bsp/ps7_cortexa9_0/include -MMD -MP -MF"src/video_demo.d" -MT"src/video_demo.o" -o "src/video_demo.o" "../src/video_demo.c"
'Finished building: ../src/video_demo.c'
' '
'Building target: Zybo-Z7-10-HDMI.elf'
'Invoking: ARM v7 gcc linker'
arm-none-eabi-gcc -mcpu=cortex-a9 -mfpu=vfpv3 -mfloat-abi=hard -Wl,-build-id=none -specs=Xilinx.spec -Wl,-T -Wl,../src/lscript.ld -L../../Zybo-Z7-10-HDMI_bsp/ps7_cortexa9_0/lib -o "Zybo-Z7-10-HDMI.elf"  ./src/video_capture/video_capture.o  ./src/timer_ps/timer_ps.o  ./src/intc/intc.o  ./src/dynclk/dynclk.o  ./src/display_ctrl/display_ctrl.o  ./src/video_demo.o   -Wl,--start-group,-lxil,-lgcc,-lc,--end-group
'Finished building target: Zybo-Z7-10-HDMI.elf'
' '
'Invoking: ARM v7 Print Size'
arm-none-eabi-size Zybo-Z7-10-HDMI.elf  |tee "Zybo-Z7-10-HDMI.elf.size"
   text	   data	    bss	    dec	    hex	filename
 117332	   3520	12468160	12589012	 c017d4	Zybo-Z7-10-HDMI.elf
'Finished building: Zybo-Z7-10-HDMI.elf.size'
' '
11:34:30 **** Incremental Build of configuration Debug for project Zybo-Z7-10-HDMI ****
make pre-build main-build 
a9-linaro-pre-build-step
' '
make: Nothing to be done for 'main-build'.
11:34:49 **** Incremental Build of configuration Debug for project Zybo-Z7-10-HDMI ****
make pre-build main-build 
a9-linaro-pre-build-step
' '
make: Nothing to be done for 'main-build'.
11:35:04 **** Incremental Build of configuration Debug for project Zybo-Z7-10-HDMI ****
make pre-build main-build 
a9-linaro-pre-build-step
' '
make: Nothing to be done for 'main-build'.
11:36:01 **** Auto Build of configuration Debug for project Zybo-Z7-10-HDMI ****
make pre-build main-build 
a9-linaro-pre-build-step
' '
'Building file: ../src/video_demo.c'
'Invoking: ARM v7 gcc compiler'
arm-none-eabi-gcc -Wall -O0 -g3 -c -fmessage-length=0 -MT"src/video_demo.o" -mcpu=cortex-a9 -mfpu=vfpv3 -mfloat-abi=hard -I../../Zybo-Z7-10-HDMI_bsp/ps7_cortexa9_0/include -MMD -MP -MF"src/video_demo.d" -MT"src/video_demo.o" -o "src/video_demo.o" "../src/video_demo.c"
'Finished building: ../src/video_demo.c'
' '
'Building target: Zybo-Z7-10-HDMI.elf'
'Invoking: ARM v7 gcc linker'
arm-none-eabi-gcc -mcpu=cortex-a9 -mfpu=vfpv3 -mfloat-abi=hard -Wl,-build-id=none -specs=Xilinx.spec -Wl,-T -Wl,../src/lscript.ld -L../../Zybo-Z7-10-HDMI_bsp/ps7_cortexa9_0/lib -o "Zybo-Z7-10-HDMI.elf"  ./src/video_capture/video_capture.o  ./src/timer_ps/timer_ps.o  ./src/intc/intc.o  ./src/dynclk/dynclk.o  ./src/display_ctrl/display_ctrl.o  ./src/video_demo.o   -Wl,--start-group,-lxil,-lgcc,-lc,--end-group
'Finished building target: Zybo-Z7-10-HDMI.elf'
' '
'Invoking: ARM v7 Print Size'
arm-none-eabi-size Zybo-Z7-10-HDMI.elf  |tee "Zybo-Z7-10-HDMI.elf.size"
   text	   data	    bss	    dec	    hex	filename
 117396	   3520	12468160	12589076	 c01814	Zybo-Z7-10-HDMI.elf
'Finished building: Zybo-Z7-10-HDMI.elf.size'
' '
11:36:39 **** Incremental Build of configuration Debug for project Zybo-Z7-10-HDMI ****
make pre-build main-build 
a9-linaro-pre-build-step
' '
make: Nothing to be done for 'main-build'.
11:38:42 **** Auto Build of configuration Debug for project Zybo-Z7-10-HDMI ****
make pre-build main-build 
a9-linaro-pre-build-step
' '
'Building file: ../src/video_demo.c'
'Invoking: ARM v7 gcc compiler'
arm-none-eabi-gcc -Wall -O0 -g3 -c -fmessage-length=0 -MT"src/video_demo.o" -mcpu=cortex-a9 -mfpu=vfpv3 -mfloat-abi=hard -I../../Zybo-Z7-10-HDMI_bsp/ps7_cortexa9_0/include -MMD -MP -MF"src/video_demo.d" -MT"src/video_demo.o" -o "src/video_demo.o" "../src/video_demo.c"
'Finished building: ../src/video_demo.c'
' '
'Building target: Zybo-Z7-10-HDMI.elf'
'Invoking: ARM v7 gcc linker'
arm-none-eabi-gcc -mcpu=cortex-a9 -mfpu=vfpv3 -mfloat-abi=hard -Wl,-build-id=none -specs=Xilinx.spec -Wl,-T -Wl,../src/lscript.ld -L../../Zybo-Z7-10-HDMI_bsp/ps7_cortexa9_0/lib -o "Zybo-Z7-10-HDMI.elf"  ./src/video_capture/video_capture.o  ./src/timer_ps/timer_ps.o  ./src/intc/intc.o  ./src/dynclk/dynclk.o  ./src/display_ctrl/display_ctrl.o  ./src/video_demo.o   -Wl,--start-group,-lxil,-lgcc,-lc,--end-group
'Finished building target: Zybo-Z7-10-HDMI.elf'
' '
'Invoking: ARM v7 Print Size'
arm-none-eabi-size Zybo-Z7-10-HDMI.elf  |tee "Zybo-Z7-10-HDMI.elf.size"
   text	   data	    bss	    dec	    hex	filename
 117332	   3520	12468160	12589012	 c017d4	Zybo-Z7-10-HDMI.elf
'Finished building: Zybo-Z7-10-HDMI.elf.size'
' '
11:39:34 **** Auto Build of configuration Debug for project Zybo-Z7-10-HDMI ****
make pre-build main-build 
a9-linaro-pre-build-step
' '
'Building file: ../src/video_demo.c'
'Invoking: ARM v7 gcc compiler'
arm-none-eabi-gcc -Wall -O0 -g3 -c -fmessage-length=0 -MT"src/video_demo.o" -mcpu=cortex-a9 -mfpu=vfpv3 -mfloat-abi=hard -I../../Zybo-Z7-10-HDMI_bsp/ps7_cortexa9_0/include -MMD -MP -MF"src/video_demo.d" -MT"src/video_demo.o" -o "src/video_demo.o" "../src/video_demo.c"
'Finished building: ../src/video_demo.c'
' '
'Building target: Zybo-Z7-10-HDMI.elf'
'Invoking: ARM v7 gcc linker'
arm-none-eabi-gcc -mcpu=cortex-a9 -mfpu=vfpv3 -mfloat-abi=hard -Wl,-build-id=none -specs=Xilinx.spec -Wl,-T -Wl,../src/lscript.ld -L../../Zybo-Z7-10-HDMI_bsp/ps7_cortexa9_0/lib -o "Zybo-Z7-10-HDMI.elf"  ./src/video_capture/video_capture.o  ./src/timer_ps/timer_ps.o  ./src/intc/intc.o  ./src/dynclk/dynclk.o  ./src/display_ctrl/display_ctrl.o  ./src/video_demo.o   -Wl,--start-group,-lxil,-lgcc,-lc,--end-group
'Finished building target: Zybo-Z7-10-HDMI.elf'
' '
'Invoking: ARM v7 Print Size'
arm-none-eabi-size Zybo-Z7-10-HDMI.elf  |tee "Zybo-Z7-10-HDMI.elf.size"
   text	   data	    bss	    dec	    hex	filename
 117460	   3520	12468160	12589140	 c01854	Zybo-Z7-10-HDMI.elf
'Finished building: Zybo-Z7-10-HDMI.elf.size'
' '
11:39:42 **** Incremental Build of configuration Debug for project Zybo-Z7-10-HDMI ****
make pre-build main-build 
a9-linaro-pre-build-step
' '
make: Nothing to be done for 'main-build'.
11:40:39 **** Auto Build of configuration Debug for project Zybo-Z7-10-HDMI ****
make pre-build main-build 
a9-linaro-pre-build-step
' '
'Building file: ../src/video_demo.c'
'Invoking: ARM v7 gcc compiler'
arm-none-eabi-gcc -Wall -O0 -g3 -c -fmessage-length=0 -MT"src/video_demo.o" -mcpu=cortex-a9 -mfpu=vfpv3 -mfloat-abi=hard -I../../Zybo-Z7-10-HDMI_bsp/ps7_cortexa9_0/include -MMD -MP -MF"src/video_demo.d" -MT"src/video_demo.o" -o "src/video_demo.o" "../src/video_demo.c"
../src/video_demo.c: In function 'DemoPrintTest':
../src/video_demo.c:672:5: error: expected expression before 'else'
     else
     ^~~~
make: *** [src/subdir.mk:23: src/video_demo.o] Error 1
11:40:47 **** Auto Build of configuration Debug for project Zybo-Z7-10-HDMI ****
make pre-build main-build 
a9-linaro-pre-build-step
' '
'Building file: ../src/video_demo.c'
'Invoking: ARM v7 gcc compiler'
arm-none-eabi-gcc -Wall -O0 -g3 -c -fmessage-length=0 -MT"src/video_demo.o" -mcpu=cortex-a9 -mfpu=vfpv3 -mfloat-abi=hard -I../../Zybo-Z7-10-HDMI_bsp/ps7_cortexa9_0/include -MMD -MP -MF"src/video_demo.d" -MT"src/video_demo.o" -o "src/video_demo.o" "../src/video_demo.c"
'Finished building: ../src/video_demo.c'
' '
'Building target: Zybo-Z7-10-HDMI.elf'
'Invoking: ARM v7 gcc linker'
arm-none-eabi-gcc -mcpu=cortex-a9 -mfpu=vfpv3 -mfloat-abi=hard -Wl,-build-id=none -specs=Xilinx.spec -Wl,-T -Wl,../src/lscript.ld -L../../Zybo-Z7-10-HDMI_bsp/ps7_cortexa9_0/lib -o "Zybo-Z7-10-HDMI.elf"  ./src/video_capture/video_capture.o  ./src/timer_ps/timer_ps.o  ./src/intc/intc.o  ./src/dynclk/dynclk.o  ./src/display_ctrl/display_ctrl.o  ./src/video_demo.o   -Wl,--start-group,-lxil,-lgcc,-lc,--end-group
'Finished building target: Zybo-Z7-10-HDMI.elf'
' '
'Invoking: ARM v7 Print Size'
arm-none-eabi-size Zybo-Z7-10-HDMI.elf  |tee "Zybo-Z7-10-HDMI.elf.size"
   text	   data	    bss	    dec	    hex	filename
 117652	   3520	12468160	12589332	 c01914	Zybo-Z7-10-HDMI.elf
'Finished building: Zybo-Z7-10-HDMI.elf.size'
' '
11:41:31 **** Auto Build of configuration Debug for project Zybo-Z7-10-HDMI ****
make pre-build main-build 
a9-linaro-pre-build-step
' '
'Building file: ../src/video_demo.c'
'Invoking: ARM v7 gcc compiler'
arm-none-eabi-gcc -Wall -O0 -g3 -c -fmessage-length=0 -MT"src/video_demo.o" -mcpu=cortex-a9 -mfpu=vfpv3 -mfloat-abi=hard -I../../Zybo-Z7-10-HDMI_bsp/ps7_cortexa9_0/include -MMD -MP -MF"src/video_demo.d" -MT"src/video_demo.o" -o "src/video_demo.o" "../src/video_demo.c"
'Finished building: ../src/video_demo.c'
' '
'Building target: Zybo-Z7-10-HDMI.elf'
'Invoking: ARM v7 gcc linker'
arm-none-eabi-gcc -mcpu=cortex-a9 -mfpu=vfpv3 -mfloat-abi=hard -Wl,-build-id=none -specs=Xilinx.spec -Wl,-T -Wl,../src/lscript.ld -L../../Zybo-Z7-10-HDMI_bsp/ps7_cortexa9_0/lib -o "Zybo-Z7-10-HDMI.elf"  ./src/video_capture/video_capture.o  ./src/timer_ps/timer_ps.o  ./src/intc/intc.o  ./src/dynclk/dynclk.o  ./src/display_ctrl/display_ctrl.o  ./src/video_demo.o   -Wl,--start-group,-lxil,-lgcc,-lc,--end-group
'Finished building target: Zybo-Z7-10-HDMI.elf'
' '
'Invoking: ARM v7 Print Size'
arm-none-eabi-size Zybo-Z7-10-HDMI.elf  |tee "Zybo-Z7-10-HDMI.elf.size"
   text	   data	    bss	    dec	    hex	filename
 117716	   3520	12468160	12589396	 c01954	Zybo-Z7-10-HDMI.elf
'Finished building: Zybo-Z7-10-HDMI.elf.size'
' '
11:41:40 **** Incremental Build of configuration Debug for project Zybo-Z7-10-HDMI ****
make pre-build main-build 
a9-linaro-pre-build-step
' '
make: Nothing to be done for 'main-build'.
11:44:20 **** Auto Build of configuration Debug for project Zybo-Z7-10-HDMI ****
make pre-build main-build 
a9-linaro-pre-build-step
' '
'Building file: ../src/video_demo.c'
'Invoking: ARM v7 gcc compiler'
arm-none-eabi-gcc -Wall -O0 -g3 -c -fmessage-length=0 -MT"src/video_demo.o" -mcpu=cortex-a9 -mfpu=vfpv3 -mfloat-abi=hard -I../../Zybo-Z7-10-HDMI_bsp/ps7_cortexa9_0/include -MMD -MP -MF"src/video_demo.d" -MT"src/video_demo.o" -o "src/video_demo.o" "../src/video_demo.c"
'Finished building: ../src/video_demo.c'
' '
'Building target: Zybo-Z7-10-HDMI.elf'
'Invoking: ARM v7 gcc linker'
arm-none-eabi-gcc -mcpu=cortex-a9 -mfpu=vfpv3 -mfloat-abi=hard -Wl,-build-id=none -specs=Xilinx.spec -Wl,-T -Wl,../src/lscript.ld -L../../Zybo-Z7-10-HDMI_bsp/ps7_cortexa9_0/lib -o "Zybo-Z7-10-HDMI.elf"  ./src/video_capture/video_capture.o  ./src/timer_ps/timer_ps.o  ./src/intc/intc.o  ./src/dynclk/dynclk.o  ./src/display_ctrl/display_ctrl.o  ./src/video_demo.o   -Wl,--start-group,-lxil,-lgcc,-lc,--end-group
'Finished building target: Zybo-Z7-10-HDMI.elf'
' '
'Invoking: ARM v7 Print Size'
arm-none-eabi-size Zybo-Z7-10-HDMI.elf  |tee "Zybo-Z7-10-HDMI.elf.size"
   text	   data	    bss	    dec	    hex	filename
 117652	   3520	12468160	12589332	 c01914	Zybo-Z7-10-HDMI.elf
'Finished building: Zybo-Z7-10-HDMI.elf.size'
' '
11:44:31 **** Incremental Build of configuration Debug for project Zybo-Z7-10-HDMI ****
make pre-build main-build 
a9-linaro-pre-build-step
' '
make: Nothing to be done for 'main-build'.
11:45:25 **** Auto Build of configuration Debug for project Zybo-Z7-10-HDMI ****
make pre-build main-build 
a9-linaro-pre-build-step
' '
'Building file: ../src/video_demo.c'
'Invoking: ARM v7 gcc compiler'
arm-none-eabi-gcc -Wall -O0 -g3 -c -fmessage-length=0 -MT"src/video_demo.o" -mcpu=cortex-a9 -mfpu=vfpv3 -mfloat-abi=hard -I../../Zybo-Z7-10-HDMI_bsp/ps7_cortexa9_0/include -MMD -MP -MF"src/video_demo.d" -MT"src/video_demo.o" -o "src/video_demo.o" "../src/video_demo.c"
'Finished building: ../src/video_demo.c'
' '
'Building target: Zybo-Z7-10-HDMI.elf'
'Invoking: ARM v7 gcc linker'
arm-none-eabi-gcc -mcpu=cortex-a9 -mfpu=vfpv3 -mfloat-abi=hard -Wl,-build-id=none -specs=Xilinx.spec -Wl,-T -Wl,../src/lscript.ld -L../../Zybo-Z7-10-HDMI_bsp/ps7_cortexa9_0/lib -o "Zybo-Z7-10-HDMI.elf"  ./src/video_capture/video_capture.o  ./src/timer_ps/timer_ps.o  ./src/intc/intc.o  ./src/dynclk/dynclk.o  ./src/display_ctrl/display_ctrl.o  ./src/video_demo.o   -Wl,--start-group,-lxil,-lgcc,-lc,--end-group
'Finished building target: Zybo-Z7-10-HDMI.elf'
' '
'Invoking: ARM v7 Print Size'
arm-none-eabi-size Zybo-Z7-10-HDMI.elf  |tee "Zybo-Z7-10-HDMI.elf.size"
   text	   data	    bss	    dec	    hex	filename
 117780	   3520	12468160	12589460	 c01994	Zybo-Z7-10-HDMI.elf
'Finished building: Zybo-Z7-10-HDMI.elf.size'
' '
11:45:32 **** Incremental Build of configuration Debug for project Zybo-Z7-10-HDMI ****
make pre-build main-build 
a9-linaro-pre-build-step
' '
make: Nothing to be done for 'main-build'.
11:47:06 **** Auto Build of configuration Debug for project Zybo-Z7-10-HDMI ****
make pre-build main-build 
a9-linaro-pre-build-step
' '
'Building file: ../src/video_demo.c'
'Invoking: ARM v7 gcc compiler'
arm-none-eabi-gcc -Wall -O0 -g3 -c -fmessage-length=0 -MT"src/video_demo.o" -mcpu=cortex-a9 -mfpu=vfpv3 -mfloat-abi=hard -I../../Zybo-Z7-10-HDMI_bsp/ps7_cortexa9_0/include -MMD -MP -MF"src/video_demo.d" -MT"src/video_demo.o" -o "src/video_demo.o" "../src/video_demo.c"
'Finished building: ../src/video_demo.c'
' '
'Building target: Zybo-Z7-10-HDMI.elf'
'Invoking: ARM v7 gcc linker'
arm-none-eabi-gcc -mcpu=cortex-a9 -mfpu=vfpv3 -mfloat-abi=hard -Wl,-build-id=none -specs=Xilinx.spec -Wl,-T -Wl,../src/lscript.ld -L../../Zybo-Z7-10-HDMI_bsp/ps7_cortexa9_0/lib -o "Zybo-Z7-10-HDMI.elf"  ./src/video_capture/video_capture.o  ./src/timer_ps/timer_ps.o  ./src/intc/intc.o  ./src/dynclk/dynclk.o  ./src/display_ctrl/display_ctrl.o  ./src/video_demo.o   -Wl,--start-group,-lxil,-lgcc,-lc,--end-group
'Finished building target: Zybo-Z7-10-HDMI.elf'
' '
'Invoking: ARM v7 Print Size'
arm-none-eabi-size Zybo-Z7-10-HDMI.elf  |tee "Zybo-Z7-10-HDMI.elf.size"
   text	   data	    bss	    dec	    hex	filename
 117780	   3520	12468160	12589460	 c01994	Zybo-Z7-10-HDMI.elf
'Finished building: Zybo-Z7-10-HDMI.elf.size'
' '
11:47:52 **** Auto Build of configuration Debug for project Zybo-Z7-10-HDMI ****
make pre-build main-build 
a9-linaro-pre-build-step
' '
'Building file: ../src/video_demo.c'
'Invoking: ARM v7 gcc compiler'
arm-none-eabi-gcc -Wall -O0 -g3 -c -fmessage-length=0 -MT"src/video_demo.o" -mcpu=cortex-a9 -mfpu=vfpv3 -mfloat-abi=hard -I../../Zybo-Z7-10-HDMI_bsp/ps7_cortexa9_0/include -MMD -MP -MF"src/video_demo.d" -MT"src/video_demo.o" -o "src/video_demo.o" "../src/video_demo.c"
'Finished building: ../src/video_demo.c'
' '
'Building target: Zybo-Z7-10-HDMI.elf'
'Invoking: ARM v7 gcc linker'
arm-none-eabi-gcc -mcpu=cortex-a9 -mfpu=vfpv3 -mfloat-abi=hard -Wl,-build-id=none -specs=Xilinx.spec -Wl,-T -Wl,../src/lscript.ld -L../../Zybo-Z7-10-HDMI_bsp/ps7_cortexa9_0/lib -o "Zybo-Z7-10-HDMI.elf"  ./src/video_capture/video_capture.o  ./src/timer_ps/timer_ps.o  ./src/intc/intc.o  ./src/dynclk/dynclk.o  ./src/display_ctrl/display_ctrl.o  ./src/video_demo.o   -Wl,--start-group,-lxil,-lgcc,-lc,--end-group
'Finished building target: Zybo-Z7-10-HDMI.elf'
' '
'Invoking: ARM v7 Print Size'
arm-none-eabi-size Zybo-Z7-10-HDMI.elf  |tee "Zybo-Z7-10-HDMI.elf.size"
   text	   data	    bss	    dec	    hex	filename
 117844	   3520	12468160	12589524	 c019d4	Zybo-Z7-10-HDMI.elf
'Finished building: Zybo-Z7-10-HDMI.elf.size'
' '
11:48:00 **** Incremental Build of configuration Debug for project Zybo-Z7-10-HDMI ****
make pre-build main-build 
a9-linaro-pre-build-step
' '
make: Nothing to be done for 'main-build'.
11:49:41 **** Auto Build of configuration Debug for project Zybo-Z7-10-HDMI ****
make pre-build main-build 
a9-linaro-pre-build-step
' '
'Building file: ../src/video_demo.c'
'Invoking: ARM v7 gcc compiler'
arm-none-eabi-gcc -Wall -O0 -g3 -c -fmessage-length=0 -MT"src/video_demo.o" -mcpu=cortex-a9 -mfpu=vfpv3 -mfloat-abi=hard -I../../Zybo-Z7-10-HDMI_bsp/ps7_cortexa9_0/include -MMD -MP -MF"src/video_demo.d" -MT"src/video_demo.o" -o "src/video_demo.o" "../src/video_demo.c"
'Finished building: ../src/video_demo.c'
' '
'Building target: Zybo-Z7-10-HDMI.elf'
'Invoking: ARM v7 gcc linker'
arm-none-eabi-gcc -mcpu=cortex-a9 -mfpu=vfpv3 -mfloat-abi=hard -Wl,-build-id=none -specs=Xilinx.spec -Wl,-T -Wl,../src/lscript.ld -L../../Zybo-Z7-10-HDMI_bsp/ps7_cortexa9_0/lib -o "Zybo-Z7-10-HDMI.elf"  ./src/video_capture/video_capture.o  ./src/timer_ps/timer_ps.o  ./src/intc/intc.o  ./src/dynclk/dynclk.o  ./src/display_ctrl/display_ctrl.o  ./src/video_demo.o   -Wl,--start-group,-lxil,-lgcc,-lc,--end-group
'Finished building target: Zybo-Z7-10-HDMI.elf'
' '
'Invoking: ARM v7 Print Size'
arm-none-eabi-size Zybo-Z7-10-HDMI.elf  |tee "Zybo-Z7-10-HDMI.elf.size"
   text	   data	    bss	    dec	    hex	filename
 117844	   3520	12468160	12589524	 c019d4	Zybo-Z7-10-HDMI.elf
'Finished building: Zybo-Z7-10-HDMI.elf.size'
' '
11:51:13 **** Auto Build of configuration Debug for project Zybo-Z7-10-HDMI ****
make pre-build main-build 
a9-linaro-pre-build-step
' '
'Building file: ../src/video_demo.c'
'Invoking: ARM v7 gcc compiler'
arm-none-eabi-gcc -Wall -O0 -g3 -c -fmessage-length=0 -MT"src/video_demo.o" -mcpu=cortex-a9 -mfpu=vfpv3 -mfloat-abi=hard -I../../Zybo-Z7-10-HDMI_bsp/ps7_cortexa9_0/include -MMD -MP -MF"src/video_demo.d" -MT"src/video_demo.o" -o "src/video_demo.o" "../src/video_demo.c"
../src/video_demo.c: In function 'PrintPattern':
../src/video_demo.c:509:15: warning: unused variable 'yInc' [-Wunused-variable]
  double xInc, yInc;
               ^~~~
../src/video_demo.c:509:9: warning: variable 'xInc' set but not used [-Wunused-but-set-variable]
  double xInc, yInc;
         ^~~~
../src/video_demo.c:508:12: warning: unused variable 'yInt' [-Wunused-variable]
  u32 yMid, yInt;
            ^~~~
../src/video_demo.c:508:6: warning: unused variable 'yMid' [-Wunused-variable]
  u32 yMid, yInt;
      ^~~~
../src/video_demo.c:507:19: warning: unused variable 'xRight' [-Wunused-variable]
  u32 xLeft, xMid, xRight, xInt;
                   ^~~~~~
../src/video_demo.c:507:13: warning: unused variable 'xMid' [-Wunused-variable]
  u32 xLeft, xMid, xRight, xInt;
             ^~~~
../src/video_demo.c:507:6: warning: unused variable 'xLeft' [-Wunused-variable]
  u32 xLeft, xMid, xRight, xInt;
      ^~~~~
../src/video_demo.c:506:30: warning: unused variable 'fColor' [-Wunused-variable]
  double fRed, fBlue, fGreen, fColor;
                              ^~~~~~
../src/video_demo.c:506:22: warning: unused variable 'fGreen' [-Wunused-variable]
  double fRed, fBlue, fGreen, fColor;
                      ^~~~~~
../src/video_demo.c:506:15: warning: unused variable 'fBlue' [-Wunused-variable]
  double fRed, fBlue, fGreen, fColor;
               ^~~~~
../src/video_demo.c:506:9: warning: unused variable 'fRed' [-Wunused-variable]
  double fRed, fBlue, fGreen, fColor;
         ^~~~
../src/video_demo.c:505:6: warning: unused variable 'wCurrentInt' [-Wunused-variable]
  u32 wCurrentInt;
      ^~~~~~~~~~~
../src/video_demo.c:504:18: warning: unused variable 'wGreen' [-Wunused-variable]
  u8 wRed, wBlue, wGreen;
                  ^~~~~~
../src/video_demo.c:504:11: warning: unused variable 'wBlue' [-Wunused-variable]
  u8 wRed, wBlue, wGreen;
           ^~~~~
../src/video_demo.c:504:5: warning: unused variable 'wRed' [-Wunused-variable]
  u8 wRed, wBlue, wGreen;
     ^~~~
'Finished building: ../src/video_demo.c'
' '
'Building target: Zybo-Z7-10-HDMI.elf'
'Invoking: ARM v7 gcc linker'
arm-none-eabi-gcc -mcpu=cortex-a9 -mfpu=vfpv3 -mfloat-abi=hard -Wl,-build-id=none -specs=Xilinx.spec -Wl,-T -Wl,../src/lscript.ld -L../../Zybo-Z7-10-HDMI_bsp/ps7_cortexa9_0/lib -o "Zybo-Z7-10-HDMI.elf"  ./src/video_capture/video_capture.o  ./src/timer_ps/timer_ps.o  ./src/intc/intc.o  ./src/dynclk/dynclk.o  ./src/display_ctrl/display_ctrl.o  ./src/video_demo.o   -Wl,--start-group,-lxil,-lgcc,-lc,--end-group
./src/video_demo.o: In function `DemoRun':
C:\Users\Thomas\Documents\GitHub\TicTacToe\Zybo-Z7-10-HDMI-2018.2-2\vivado_proj\zybo-z7-10-hdmi.sdk\Zybo-Z7-10-HDMI\Debug/../src/video_demo.c:222: undefined reference to `DemoPrintTest'
C:\Users\Thomas\Documents\GitHub\TicTacToe\Zybo-Z7-10-HDMI-2018.2-2\vivado_proj\zybo-z7-10-hdmi.sdk\Zybo-Z7-10-HDMI\Debug/../src/video_demo.c:225: undefined reference to `DemoPrintTest'
C:\Users\Thomas\Documents\GitHub\TicTacToe\Zybo-Z7-10-HDMI-2018.2-2\vivado_proj\zybo-z7-10-hdmi.sdk\Zybo-Z7-10-HDMI\Debug/../src/video_demo.c:264: undefined reference to `DemoPrintTest'
collect2.exe: error: ld returned 1 exit status
make: *** [makefile:46: Zybo-Z7-10-HDMI.elf] Error 1
11:51:26 **** Auto Build of configuration Debug for project Zybo-Z7-10-HDMI ****
make pre-build main-build 
a9-linaro-pre-build-step
' '
'Building file: ../src/video_demo.c'
'Invoking: ARM v7 gcc compiler'
arm-none-eabi-gcc -Wall -O0 -g3 -c -fmessage-length=0 -MT"src/video_demo.o" -mcpu=cortex-a9 -mfpu=vfpv3 -mfloat-abi=hard -I../../Zybo-Z7-10-HDMI_bsp/ps7_cortexa9_0/include -MMD -MP -MF"src/video_demo.d" -MT"src/video_demo.o" -o "src/video_demo.o" "../src/video_demo.c"
../src/video_demo.c: In function 'DemoRun':
../src/video_demo.c:222:4: warning: implicit declaration of function 'PrintPattern' [-Wimplicit-function-declaration]
    PrintPattern(pFrames[dispCtrl.curFrame], dispCtrl.vMode.width, dispCtrl.vMode.height, DEMO_STRIDE, DEMO_PATTERN_0);
    ^~~~~~~~~~~~
../src/video_demo.c: At top level:
../src/video_demo.c:500:6: warning: conflicting types for 'PrintPattern'
 void PrintPattern(u8 *frame, u32 width, u32 height, u32 stride, int pattern)
      ^~~~~~~~~~~~
../src/video_demo.c:222:4: note: previous implicit declaration of 'PrintPattern' was here
    PrintPattern(pFrames[dispCtrl.curFrame], dispCtrl.vMode.width, dispCtrl.vMode.height, DEMO_STRIDE, DEMO_PATTERN_0);
    ^~~~~~~~~~~~
../src/video_demo.c: In function 'PrintPattern':
../src/video_demo.c:509:15: warning: unused variable 'yInc' [-Wunused-variable]
  double xInc, yInc;
               ^~~~
../src/video_demo.c:509:9: warning: variable 'xInc' set but not used [-Wunused-but-set-variable]
  double xInc, yInc;
         ^~~~
../src/video_demo.c:508:12: warning: unused variable 'yInt' [-Wunused-variable]
  u32 yMid, yInt;
            ^~~~
../src/video_demo.c:508:6: warning: unused variable 'yMid' [-Wunused-variable]
  u32 yMid, yInt;
      ^~~~
../src/video_demo.c:507:19: warning: unused variable 'xRight' [-Wunused-variable]
  u32 xLeft, xMid, xRight, xInt;
                   ^~~~~~
../src/video_demo.c:507:13: warning: unused variable 'xMid' [-Wunused-variable]
  u32 xLeft, xMid, xRight, xInt;
             ^~~~
../src/video_demo.c:507:6: warning: unused variable 'xLeft' [-Wunused-variable]
  u32 xLeft, xMid, xRight, xInt;
      ^~~~~
../src/video_demo.c:506:30: warning: unused variable 'fColor' [-Wunused-variable]
  double fRed, fBlue, fGreen, fColor;
                              ^~~~~~
../src/video_demo.c:506:22: warning: unused variable 'fGreen' [-Wunused-variable]
  double fRed, fBlue, fGreen, fColor;
                      ^~~~~~
../src/video_demo.c:506:15: warning: unused variable 'fBlue' [-Wunused-variable]
  double fRed, fBlue, fGreen, fColor;
               ^~~~~
../src/video_demo.c:506:9: warning: unused variable 'fRed' [-Wunused-variable]
  double fRed, fBlue, fGreen, fColor;
         ^~~~
../src/video_demo.c:505:6: warning: unused variable 'wCurrentInt' [-Wunused-variable]
  u32 wCurrentInt;
      ^~~~~~~~~~~
../src/video_demo.c:504:18: warning: unused variable 'wGreen' [-Wunused-variable]
  u8 wRed, wBlue, wGreen;
                  ^~~~~~
../src/video_demo.c:504:11: warning: unused variable 'wBlue' [-Wunused-variable]
  u8 wRed, wBlue, wGreen;
           ^~~~~
../src/video_demo.c:504:5: warning: unused variable 'wRed' [-Wunused-variable]
  u8 wRed, wBlue, wGreen;
     ^~~~
'Finished building: ../src/video_demo.c'
' '
'Building target: Zybo-Z7-10-HDMI.elf'
'Invoking: ARM v7 gcc linker'
arm-none-eabi-gcc -mcpu=cortex-a9 -mfpu=vfpv3 -mfloat-abi=hard -Wl,-build-id=none -specs=Xilinx.spec -Wl,-T -Wl,../src/lscript.ld -L../../Zybo-Z7-10-HDMI_bsp/ps7_cortexa9_0/lib -o "Zybo-Z7-10-HDMI.elf"  ./src/video_capture/video_capture.o  ./src/timer_ps/timer_ps.o  ./src/intc/intc.o  ./src/dynclk/dynclk.o  ./src/display_ctrl/display_ctrl.o  ./src/video_demo.o   -Wl,--start-group,-lxil,-lgcc,-lc,--end-group
'Finished building target: Zybo-Z7-10-HDMI.elf'
' '
'Invoking: ARM v7 Print Size'
arm-none-eabi-size Zybo-Z7-10-HDMI.elf  |tee "Zybo-Z7-10-HDMI.elf.size"
   text	   data	    bss	    dec	    hex	filename
 116500	   3520	12468160	12588180	 c01494	Zybo-Z7-10-HDMI.elf
'Finished building: Zybo-Z7-10-HDMI.elf.size'
' '
11:53:33 **** Auto Build of configuration Debug for project Zybo-Z7-10-HDMI ****
make pre-build main-build 
a9-linaro-pre-build-step
' '
'Building file: ../src/video_demo.c'
'Invoking: ARM v7 gcc compiler'
arm-none-eabi-gcc -Wall -O0 -g3 -c -fmessage-length=0 -MT"src/video_demo.o" -mcpu=cortex-a9 -mfpu=vfpv3 -mfloat-abi=hard -I../../Zybo-Z7-10-HDMI_bsp/ps7_cortexa9_0/include -MMD -MP -MF"src/video_demo.d" -MT"src/video_demo.o" -o "src/video_demo.o" "../src/video_demo.c"
../src/video_demo.c: In function 'DemoRun':
../src/video_demo.c:222:4: warning: implicit declaration of function 'PrintPattern' [-Wimplicit-function-declaration]
    PrintPattern(pFrames[dispCtrl.curFrame], dispCtrl.vMode.width, dispCtrl.vMode.height, DEMO_STRIDE, DEMO_PATTERN_0);
    ^~~~~~~~~~~~
../src/video_demo.c: At top level:
../src/video_demo.c:492:6: warning: conflicting types for 'PrintPattern'
 void PrintPattern(u8 *frame, u32 width, u32 height, u32 stride, int pattern)
      ^~~~~~~~~~~~
../src/video_demo.c:222:4: note: previous implicit declaration of 'PrintPattern' was here
    PrintPattern(pFrames[dispCtrl.curFrame], dispCtrl.vMode.width, dispCtrl.vMode.height, DEMO_STRIDE, DEMO_PATTERN_0);
    ^~~~~~~~~~~~
../src/video_demo.c: In function 'PrintPattern':
../src/video_demo.c:501:15: warning: unused variable 'yInc' [-Wunused-variable]
  double xInc, yInc;
               ^~~~
../src/video_demo.c:501:9: warning: variable 'xInc' set but not used [-Wunused-but-set-variable]
  double xInc, yInc;
         ^~~~
../src/video_demo.c:500:12: warning: unused variable 'yInt' [-Wunused-variable]
  u32 yMid, yInt;
            ^~~~
../src/video_demo.c:500:6: warning: unused variable 'yMid' [-Wunused-variable]
  u32 yMid, yInt;
      ^~~~
../src/video_demo.c:499:19: warning: unused variable 'xRight' [-Wunused-variable]
  u32 xLeft, xMid, xRight, xInt;
                   ^~~~~~
../src/video_demo.c:499:13: warning: unused variable 'xMid' [-Wunused-variable]
  u32 xLeft, xMid, xRight, xInt;
             ^~~~
../src/video_demo.c:499:6: warning: unused variable 'xLeft' [-Wunused-variable]
  u32 xLeft, xMid, xRight, xInt;
      ^~~~~
../src/video_demo.c:498:30: warning: unused variable 'fColor' [-Wunused-variable]
  double fRed, fBlue, fGreen, fColor;
                              ^~~~~~
../src/video_demo.c:498:22: warning: unused variable 'fGreen' [-Wunused-variable]
  double fRed, fBlue, fGreen, fColor;
                      ^~~~~~
../src/video_demo.c:498:15: warning: unused variable 'fBlue' [-Wunused-variable]
  double fRed, fBlue, fGreen, fColor;
               ^~~~~
../src/video_demo.c:498:9: warning: unused variable 'fRed' [-Wunused-variable]
  double fRed, fBlue, fGreen, fColor;
         ^~~~
../src/video_demo.c:497:6: warning: unused variable 'wCurrentInt' [-Wunused-variable]
  u32 wCurrentInt;
      ^~~~~~~~~~~
../src/video_demo.c:496:18: warning: unused variable 'wGreen' [-Wunused-variable]
  u8 wRed, wBlue, wGreen;
                  ^~~~~~
../src/video_demo.c:496:11: warning: unused variable 'wBlue' [-Wunused-variable]
  u8 wRed, wBlue, wGreen;
           ^~~~~
../src/video_demo.c:496:5: warning: unused variable 'wRed' [-Wunused-variable]
  u8 wRed, wBlue, wGreen;
     ^~~~
'Finished building: ../src/video_demo.c'
' '
'Building target: Zybo-Z7-10-HDMI.elf'
'Invoking: ARM v7 gcc linker'
arm-none-eabi-gcc -mcpu=cortex-a9 -mfpu=vfpv3 -mfloat-abi=hard -Wl,-build-id=none -specs=Xilinx.spec -Wl,-T -Wl,../src/lscript.ld -L../../Zybo-Z7-10-HDMI_bsp/ps7_cortexa9_0/lib -o "Zybo-Z7-10-HDMI.elf"  ./src/video_capture/video_capture.o  ./src/timer_ps/timer_ps.o  ./src/intc/intc.o  ./src/dynclk/dynclk.o  ./src/display_ctrl/display_ctrl.o  ./src/video_demo.o   -Wl,--start-group,-lxil,-lgcc,-lc,--end-group
'Finished building target: Zybo-Z7-10-HDMI.elf'
' '
'Invoking: ARM v7 Print Size'
arm-none-eabi-size Zybo-Z7-10-HDMI.elf  |tee "Zybo-Z7-10-HDMI.elf.size"
   text	   data	    bss	    dec	    hex	filename
 115956	   3520	12468160	12587636	 c01274	Zybo-Z7-10-HDMI.elf
'Finished building: Zybo-Z7-10-HDMI.elf.size'
' '
11:53:55 **** Auto Build of configuration Debug for project Zybo-Z7-10-HDMI ****
make pre-build main-build 
a9-linaro-pre-build-step
' '
'Building file: ../src/video_demo.c'
'Invoking: ARM v7 gcc compiler'
arm-none-eabi-gcc -Wall -O0 -g3 -c -fmessage-length=0 -MT"src/video_demo.o" -mcpu=cortex-a9 -mfpu=vfpv3 -mfloat-abi=hard -I../../Zybo-Z7-10-HDMI_bsp/ps7_cortexa9_0/include -MMD -MP -MF"src/video_demo.d" -MT"src/video_demo.o" -o "src/video_demo.o" "../src/video_demo.c"
../src/video_demo.c: In function 'DemoRun':
../src/video_demo.c:222:4: warning: implicit declaration of function 'PrintPattern' [-Wimplicit-function-declaration]
    PrintPattern(pFrames[dispCtrl.curFrame], dispCtrl.vMode.width, dispCtrl.vMode.height, DEMO_STRIDE, DEMO_PATTERN_0);
    ^~~~~~~~~~~~
../src/video_demo.c: At top level:
../src/video_demo.c:471:6: warning: conflicting types for 'PrintPattern'
 void PrintPattern(u8 *frame, u32 width, u32 height, u32 stride, int pattern)
      ^~~~~~~~~~~~
../src/video_demo.c:222:4: note: previous implicit declaration of 'PrintPattern' was here
    PrintPattern(pFrames[dispCtrl.curFrame], dispCtrl.vMode.width, dispCtrl.vMode.height, DEMO_STRIDE, DEMO_PATTERN_0);
    ^~~~~~~~~~~~
../src/video_demo.c: In function 'PrintPattern':
../src/video_demo.c:480:15: warning: unused variable 'yInc' [-Wunused-variable]
  double xInc, yInc;
               ^~~~
../src/video_demo.c:480:9: warning: variable 'xInc' set but not used [-Wunused-but-set-variable]
  double xInc, yInc;
         ^~~~
../src/video_demo.c:479:12: warning: unused variable 'yInt' [-Wunused-variable]
  u32 yMid, yInt;
            ^~~~
../src/video_demo.c:479:6: warning: unused variable 'yMid' [-Wunused-variable]
  u32 yMid, yInt;
      ^~~~
../src/video_demo.c:478:19: warning: unused variable 'xRight' [-Wunused-variable]
  u32 xLeft, xMid, xRight, xInt;
                   ^~~~~~
../src/video_demo.c:478:13: warning: unused variable 'xMid' [-Wunused-variable]
  u32 xLeft, xMid, xRight, xInt;
             ^~~~
../src/video_demo.c:478:6: warning: unused variable 'xLeft' [-Wunused-variable]
  u32 xLeft, xMid, xRight, xInt;
      ^~~~~
../src/video_demo.c:477:30: warning: unused variable 'fColor' [-Wunused-variable]
  double fRed, fBlue, fGreen, fColor;
                              ^~~~~~
../src/video_demo.c:477:22: warning: unused variable 'fGreen' [-Wunused-variable]
  double fRed, fBlue, fGreen, fColor;
                      ^~~~~~
../src/video_demo.c:477:15: warning: unused variable 'fBlue' [-Wunused-variable]
  double fRed, fBlue, fGreen, fColor;
               ^~~~~
../src/video_demo.c:477:9: warning: unused variable 'fRed' [-Wunused-variable]
  double fRed, fBlue, fGreen, fColor;
         ^~~~
../src/video_demo.c:476:6: warning: unused variable 'wCurrentInt' [-Wunused-variable]
  u32 wCurrentInt;
      ^~~~~~~~~~~
../src/video_demo.c:475:18: warning: unused variable 'wGreen' [-Wunused-variable]
  u8 wRed, wBlue, wGreen;
                  ^~~~~~
../src/video_demo.c:475:11: warning: unused variable 'wBlue' [-Wunused-variable]
  u8 wRed, wBlue, wGreen;
           ^~~~~
../src/video_demo.c:475:5: warning: unused variable 'wRed' [-Wunused-variable]
  u8 wRed, wBlue, wGreen;
     ^~~~
'Finished building: ../src/video_demo.c'
' '
'Building target: Zybo-Z7-10-HDMI.elf'
'Invoking: ARM v7 gcc linker'
arm-none-eabi-gcc -mcpu=cortex-a9 -mfpu=vfpv3 -mfloat-abi=hard -Wl,-build-id=none -specs=Xilinx.spec -Wl,-T -Wl,../src/lscript.ld -L../../Zybo-Z7-10-HDMI_bsp/ps7_cortexa9_0/lib -o "Zybo-Z7-10-HDMI.elf"  ./src/video_capture/video_capture.o  ./src/timer_ps/timer_ps.o  ./src/intc/intc.o  ./src/dynclk/dynclk.o  ./src/display_ctrl/display_ctrl.o  ./src/video_demo.o   -Wl,--start-group,-lxil,-lgcc,-lc,--end-group
./src/video_demo.o: In function `DemoRun':
C:\Users\Thomas\Documents\GitHub\TicTacToe\Zybo-Z7-10-HDMI-2018.2-2\vivado_proj\zybo-z7-10-hdmi.sdk\Zybo-Z7-10-HDMI\Debug/../src/video_demo.c:248: undefined reference to `DemoInvertFrame'
collect2.exe: error: ld returned 1 exit status
make: *** [makefile:46: Zybo-Z7-10-HDMI.elf] Error 1
11:54:28 **** Auto Build of configuration Debug for project Zybo-Z7-10-HDMI ****
make pre-build main-build 
a9-linaro-pre-build-step
' '
'Building file: ../src/video_demo.c'
'Invoking: ARM v7 gcc compiler'
arm-none-eabi-gcc -Wall -O0 -g3 -c -fmessage-length=0 -MT"src/video_demo.o" -mcpu=cortex-a9 -mfpu=vfpv3 -mfloat-abi=hard -I../../Zybo-Z7-10-HDMI_bsp/ps7_cortexa9_0/include -MMD -MP -MF"src/video_demo.d" -MT"src/video_demo.o" -o "src/video_demo.o" "../src/video_demo.c"
../src/video_demo.c: In function 'DemoRun':
../src/video_demo.c:222:4: warning: implicit declaration of function 'PrintPattern' [-Wimplicit-function-declaration]
    PrintPattern(pFrames[dispCtrl.curFrame], dispCtrl.vMode.width, dispCtrl.vMode.height, DEMO_STRIDE, TIC_TAC_TOE);
    ^~~~~~~~~~~~
../src/video_demo.c: At top level:
../src/video_demo.c:429:6: warning: conflicting types for 'PrintPattern'
 void PrintPattern(u8 *frame, u32 width, u32 height, u32 stride, int pattern)
      ^~~~~~~~~~~~
../src/video_demo.c:222:4: note: previous implicit declaration of 'PrintPattern' was here
    PrintPattern(pFrames[dispCtrl.curFrame], dispCtrl.vMode.width, dispCtrl.vMode.height, DEMO_STRIDE, TIC_TAC_TOE);
    ^~~~~~~~~~~~
../src/video_demo.c: In function 'PrintPattern':
../src/video_demo.c:438:15: warning: unused variable 'yInc' [-Wunused-variable]
  double xInc, yInc;
               ^~~~
../src/video_demo.c:438:9: warning: variable 'xInc' set but not used [-Wunused-but-set-variable]
  double xInc, yInc;
         ^~~~
../src/video_demo.c:437:12: warning: unused variable 'yInt' [-Wunused-variable]
  u32 yMid, yInt;
            ^~~~
../src/video_demo.c:437:6: warning: unused variable 'yMid' [-Wunused-variable]
  u32 yMid, yInt;
      ^~~~
../src/video_demo.c:436:19: warning: unused variable 'xRight' [-Wunused-variable]
  u32 xLeft, xMid, xRight, xInt;
                   ^~~~~~
../src/video_demo.c:436:13: warning: unused variable 'xMid' [-Wunused-variable]
  u32 xLeft, xMid, xRight, xInt;
             ^~~~
../src/video_demo.c:436:6: warning: unused variable 'xLeft' [-Wunused-variable]
  u32 xLeft, xMid, xRight, xInt;
      ^~~~~
../src/video_demo.c:435:30: warning: unused variable 'fColor' [-Wunused-variable]
  double fRed, fBlue, fGreen, fColor;
                              ^~~~~~
../src/video_demo.c:435:22: warning: unused variable 'fGreen' [-Wunused-variable]
  double fRed, fBlue, fGreen, fColor;
                      ^~~~~~
../src/video_demo.c:435:15: warning: unused variable 'fBlue' [-Wunused-variable]
  double fRed, fBlue, fGreen, fColor;
               ^~~~~
../src/video_demo.c:435:9: warning: unused variable 'fRed' [-Wunused-variable]
  double fRed, fBlue, fGreen, fColor;
         ^~~~
../src/video_demo.c:434:6: warning: unused variable 'wCurrentInt' [-Wunused-variable]
  u32 wCurrentInt;
      ^~~~~~~~~~~
../src/video_demo.c:433:18: warning: unused variable 'wGreen' [-Wunused-variable]
  u8 wRed, wBlue, wGreen;
                  ^~~~~~
../src/video_demo.c:433:11: warning: unused variable 'wBlue' [-Wunused-variable]
  u8 wRed, wBlue, wGreen;
           ^~~~~
../src/video_demo.c:433:5: warning: unused variable 'wRed' [-Wunused-variable]
  u8 wRed, wBlue, wGreen;
     ^~~~
'Finished building: ../src/video_demo.c'
' '
'Building target: Zybo-Z7-10-HDMI.elf'
'Invoking: ARM v7 gcc linker'
arm-none-eabi-gcc -mcpu=cortex-a9 -mfpu=vfpv3 -mfloat-abi=hard -Wl,-build-id=none -specs=Xilinx.spec -Wl,-T -Wl,../src/lscript.ld -L../../Zybo-Z7-10-HDMI_bsp/ps7_cortexa9_0/lib -o "Zybo-Z7-10-HDMI.elf"  ./src/video_capture/video_capture.o  ./src/timer_ps/timer_ps.o  ./src/intc/intc.o  ./src/dynclk/dynclk.o  ./src/display_ctrl/display_ctrl.o  ./src/video_demo.o   -Wl,--start-group,-lxil,-lgcc,-lc,--end-group
'Finished building target: Zybo-Z7-10-HDMI.elf'
' '
'Invoking: ARM v7 Print Size'
arm-none-eabi-size Zybo-Z7-10-HDMI.elf  |tee "Zybo-Z7-10-HDMI.elf.size"
   text	   data	    bss	    dec	    hex	filename
 114740	   3520	12468160	12586420	 c00db4	Zybo-Z7-10-HDMI.elf
'Finished building: Zybo-Z7-10-HDMI.elf.size'
' '
11:54:42 **** Incremental Build of configuration Debug for project Zybo-Z7-10-HDMI ****
make pre-build main-build 
a9-linaro-pre-build-step
' '
make: Nothing to be done for 'main-build'.
11:55:43 **** Auto Build of configuration Debug for project Zybo-Z7-10-HDMI ****
make pre-build main-build 
a9-linaro-pre-build-step
' '
'Building file: ../src/display_ctrl/display_ctrl.c'
'Invoking: ARM v7 gcc compiler'
arm-none-eabi-gcc -Wall -O0 -g3 -c -fmessage-length=0 -MT"src/display_ctrl/display_ctrl.o" -mcpu=cortex-a9 -mfpu=vfpv3 -mfloat-abi=hard -I../../Zybo-Z7-10-HDMI_bsp/ps7_cortexa9_0/include -MMD -MP -MF"src/display_ctrl/display_ctrl.d" -MT"src/display_ctrl/display_ctrl.o" -o "src/display_ctrl/display_ctrl.o" "../src/display_ctrl/display_ctrl.c"
'Finished building: ../src/display_ctrl/display_ctrl.c'
' '
'Building file: ../src/video_demo.c'
'Invoking: ARM v7 gcc compiler'
arm-none-eabi-gcc -Wall -O0 -g3 -c -fmessage-length=0 -MT"src/video_demo.o" -mcpu=cortex-a9 -mfpu=vfpv3 -mfloat-abi=hard -I../../Zybo-Z7-10-HDMI_bsp/ps7_cortexa9_0/include -MMD -MP -MF"src/video_demo.d" -MT"src/video_demo.o" -o "src/video_demo.o" "../src/video_demo.c"
../src/video_demo.c: In function 'DemoRun':
../src/video_demo.c:222:4: warning: implicit declaration of function 'PrintPattern' [-Wimplicit-function-declaration]
    PrintPattern(pFrames[dispCtrl.curFrame], dispCtrl.vMode.width, dispCtrl.vMode.height, DEMO_STRIDE, TIC_TAC_TOE);
    ^~~~~~~~~~~~
../src/video_demo.c: At top level:
../src/video_demo.c:429:6: warning: conflicting types for 'PrintPattern'
 void PrintPattern(u8 *frame, u32 width, u32 height, u32 stride, int pattern)
      ^~~~~~~~~~~~
../src/video_demo.c:222:4: note: previous implicit declaration of 'PrintPattern' was here
    PrintPattern(pFrames[dispCtrl.curFrame], dispCtrl.vMode.width, dispCtrl.vMode.height, DEMO_STRIDE, TIC_TAC_TOE);
    ^~~~~~~~~~~~
../src/video_demo.c: In function 'PrintPattern':
../src/video_demo.c:438:15: warning: unused variable 'yInc' [-Wunused-variable]
  double xInc, yInc;
               ^~~~
../src/video_demo.c:438:9: warning: variable 'xInc' set but not used [-Wunused-but-set-variable]
  double xInc, yInc;
         ^~~~
../src/video_demo.c:437:12: warning: unused variable 'yInt' [-Wunused-variable]
  u32 yMid, yInt;
            ^~~~
../src/video_demo.c:437:6: warning: unused variable 'yMid' [-Wunused-variable]
  u32 yMid, yInt;
      ^~~~
../src/video_demo.c:436:19: warning: unused variable 'xRight' [-Wunused-variable]
  u32 xLeft, xMid, xRight, xInt;
                   ^~~~~~
../src/video_demo.c:436:13: warning: unused variable 'xMid' [-Wunused-variable]
  u32 xLeft, xMid, xRight, xInt;
             ^~~~
../src/video_demo.c:436:6: warning: unused variable 'xLeft' [-Wunused-variable]
  u32 xLeft, xMid, xRight, xInt;
      ^~~~~
../src/video_demo.c:435:30: warning: unused variable 'fColor' [-Wunused-variable]
  double fRed, fBlue, fGreen, fColor;
                              ^~~~~~
../src/video_demo.c:435:22: warning: unused variable 'fGreen' [-Wunused-variable]
  double fRed, fBlue, fGreen, fColor;
                      ^~~~~~
../src/video_demo.c:435:15: warning: unused variable 'fBlue' [-Wunused-variable]
  double fRed, fBlue, fGreen, fColor;
               ^~~~~
../src/video_demo.c:435:9: warning: unused variable 'fRed' [-Wunused-variable]
  double fRed, fBlue, fGreen, fColor;
         ^~~~
../src/video_demo.c:434:6: warning: unused variable 'wCurrentInt' [-Wunused-variable]
  u32 wCurrentInt;
      ^~~~~~~~~~~
../src/video_demo.c:433:18: warning: unused variable 'wGreen' [-Wunused-variable]
  u8 wRed, wBlue, wGreen;
                  ^~~~~~
../src/video_demo.c:433:11: warning: unused variable 'wBlue' [-Wunused-variable]
  u8 wRed, wBlue, wGreen;
           ^~~~~
../src/video_demo.c:433:5: warning: unused variable 'wRed' [-Wunused-variable]
  u8 wRed, wBlue, wGreen;
     ^~~~
'Finished building: ../src/video_demo.c'
' '
'Building target: Zybo-Z7-10-HDMI.elf'
'Invoking: ARM v7 gcc linker'
arm-none-eabi-gcc -mcpu=cortex-a9 -mfpu=vfpv3 -mfloat-abi=hard -Wl,-build-id=none -specs=Xilinx.spec -Wl,-T -Wl,../src/lscript.ld -L../../Zybo-Z7-10-HDMI_bsp/ps7_cortexa9_0/lib -o "Zybo-Z7-10-HDMI.elf"  ./src/video_capture/video_capture.o  ./src/timer_ps/timer_ps.o  ./src/intc/intc.o  ./src/dynclk/dynclk.o  ./src/display_ctrl/display_ctrl.o  ./src/video_demo.o   -Wl,--start-group,-lxil,-lgcc,-lc,--end-group
'Finished building target: Zybo-Z7-10-HDMI.elf'
' '
'Invoking: ARM v7 Print Size'
arm-none-eabi-size Zybo-Z7-10-HDMI.elf  |tee "Zybo-Z7-10-HDMI.elf.size"
   text	   data	    bss	    dec	    hex	filename
 114740	   3520	6247360	6365620	 6121b4	Zybo-Z7-10-HDMI.elf
'Finished building: Zybo-Z7-10-HDMI.elf.size'
' '
11:56:14 **** Auto Build of configuration Debug for project Zybo-Z7-10-HDMI ****
make pre-build main-build 
a9-linaro-pre-build-step
' '
'Building file: ../src/video_demo.c'
'Invoking: ARM v7 gcc compiler'
arm-none-eabi-gcc -Wall -O0 -g3 -c -fmessage-length=0 -MT"src/video_demo.o" -mcpu=cortex-a9 -mfpu=vfpv3 -mfloat-abi=hard -I../../Zybo-Z7-10-HDMI_bsp/ps7_cortexa9_0/include -MMD -MP -MF"src/video_demo.d" -MT"src/video_demo.o" -o "src/video_demo.o" "../src/video_demo.c"
../src/video_demo.c: In function 'PrintPattern':
../src/video_demo.c:438:15: warning: unused variable 'yInc' [-Wunused-variable]
  double xInc, yInc;
               ^~~~
../src/video_demo.c:438:9: warning: variable 'xInc' set but not used [-Wunused-but-set-variable]
  double xInc, yInc;
         ^~~~
../src/video_demo.c:437:12: warning: unused variable 'yInt' [-Wunused-variable]
  u32 yMid, yInt;
            ^~~~
../src/video_demo.c:437:6: warning: unused variable 'yMid' [-Wunused-variable]
  u32 yMid, yInt;
      ^~~~
../src/video_demo.c:436:19: warning: unused variable 'xRight' [-Wunused-variable]
  u32 xLeft, xMid, xRight, xInt;
                   ^~~~~~
../src/video_demo.c:436:13: warning: unused variable 'xMid' [-Wunused-variable]
  u32 xLeft, xMid, xRight, xInt;
             ^~~~
../src/video_demo.c:436:6: warning: unused variable 'xLeft' [-Wunused-variable]
  u32 xLeft, xMid, xRight, xInt;
      ^~~~~
../src/video_demo.c:435:30: warning: unused variable 'fColor' [-Wunused-variable]
  double fRed, fBlue, fGreen, fColor;
                              ^~~~~~
../src/video_demo.c:435:22: warning: unused variable 'fGreen' [-Wunused-variable]
  double fRed, fBlue, fGreen, fColor;
                      ^~~~~~
../src/video_demo.c:435:15: warning: unused variable 'fBlue' [-Wunused-variable]
  double fRed, fBlue, fGreen, fColor;
               ^~~~~
../src/video_demo.c:435:9: warning: unused variable 'fRed' [-Wunused-variable]
  double fRed, fBlue, fGreen, fColor;
         ^~~~
../src/video_demo.c:434:6: warning: unused variable 'wCurrentInt' [-Wunused-variable]
  u32 wCurrentInt;
      ^~~~~~~~~~~
../src/video_demo.c:433:18: warning: unused variable 'wGreen' [-Wunused-variable]
  u8 wRed, wBlue, wGreen;
                  ^~~~~~
../src/video_demo.c:433:11: warning: unused variable 'wBlue' [-Wunused-variable]
  u8 wRed, wBlue, wGreen;
           ^~~~~
../src/video_demo.c:433:5: warning: unused variable 'wRed' [-Wunused-variable]
  u8 wRed, wBlue, wGreen;
     ^~~~
'Finished building: ../src/video_demo.c'
' '
'Building target: Zybo-Z7-10-HDMI.elf'
'Invoking: ARM v7 gcc linker'
arm-none-eabi-gcc -mcpu=cortex-a9 -mfpu=vfpv3 -mfloat-abi=hard -Wl,-build-id=none -specs=Xilinx.spec -Wl,-T -Wl,../src/lscript.ld -L../../Zybo-Z7-10-HDMI_bsp/ps7_cortexa9_0/lib -o "Zybo-Z7-10-HDMI.elf"  ./src/video_capture/video_capture.o  ./src/timer_ps/timer_ps.o  ./src/intc/intc.o  ./src/dynclk/dynclk.o  ./src/display_ctrl/display_ctrl.o  ./src/video_demo.o   -Wl,--start-group,-lxil,-lgcc,-lc,--end-group
'Finished building target: Zybo-Z7-10-HDMI.elf'
' '
'Invoking: ARM v7 Print Size'
arm-none-eabi-size Zybo-Z7-10-HDMI.elf  |tee "Zybo-Z7-10-HDMI.elf.size"
   text	   data	    bss	    dec	    hex	filename
 114740	   3520	6247360	6365620	 6121b4	Zybo-Z7-10-HDMI.elf
'Finished building: Zybo-Z7-10-HDMI.elf.size'
' '
11:56:25 **** Auto Build of configuration Debug for project Zybo-Z7-10-HDMI ****
make pre-build main-build 
a9-linaro-pre-build-step
' '
'Building file: ../src/video_demo.c'
'Invoking: ARM v7 gcc compiler'
arm-none-eabi-gcc -Wall -O0 -g3 -c -fmessage-length=0 -MT"src/video_demo.o" -mcpu=cortex-a9 -mfpu=vfpv3 -mfloat-abi=hard -I../../Zybo-Z7-10-HDMI_bsp/ps7_cortexa9_0/include -MMD -MP -MF"src/video_demo.d" -MT"src/video_demo.o" -o "src/video_demo.o" "../src/video_demo.c"
../src/video_demo.c: In function 'PrintPattern':
../src/video_demo.c:438:15: warning: unused variable 'yInc' [-Wunused-variable]
  double xInc, yInc;
               ^~~~
../src/video_demo.c:438:9: warning: variable 'xInc' set but not used [-Wunused-but-set-variable]
  double xInc, yInc;
         ^~~~
../src/video_demo.c:437:12: warning: unused variable 'yInt' [-Wunused-variable]
  u32 yMid, yInt;
            ^~~~
../src/video_demo.c:437:6: warning: unused variable 'yMid' [-Wunused-variable]
  u32 yMid, yInt;
      ^~~~
../src/video_demo.c:436:19: warning: unused variable 'xRight' [-Wunused-variable]
  u32 xLeft, xMid, xRight, xInt;
                   ^~~~~~
../src/video_demo.c:436:13: warning: unused variable 'xMid' [-Wunused-variable]
  u32 xLeft, xMid, xRight, xInt;
             ^~~~
../src/video_demo.c:436:6: warning: unused variable 'xLeft' [-Wunused-variable]
  u32 xLeft, xMid, xRight, xInt;
      ^~~~~
../src/video_demo.c:435:30: warning: unused variable 'fColor' [-Wunused-variable]
  double fRed, fBlue, fGreen, fColor;
                              ^~~~~~
../src/video_demo.c:435:22: warning: unused variable 'fGreen' [-Wunused-variable]
  double fRed, fBlue, fGreen, fColor;
                      ^~~~~~
../src/video_demo.c:435:15: warning: unused variable 'fBlue' [-Wunused-variable]
  double fRed, fBlue, fGreen, fColor;
               ^~~~~
../src/video_demo.c:435:9: warning: unused variable 'fRed' [-Wunused-variable]
  double fRed, fBlue, fGreen, fColor;
         ^~~~
../src/video_demo.c:434:6: warning: unused variable 'wCurrentInt' [-Wunused-variable]
  u32 wCurrentInt;
      ^~~~~~~~~~~
../src/video_demo.c:433:18: warning: unused variable 'wGreen' [-Wunused-variable]
  u8 wRed, wBlue, wGreen;
                  ^~~~~~
../src/video_demo.c:433:11: warning: unused variable 'wBlue' [-Wunused-variable]
  u8 wRed, wBlue, wGreen;
           ^~~~~
../src/video_demo.c:433:5: warning: unused variable 'wRed' [-Wunused-variable]
  u8 wRed, wBlue, wGreen;
     ^~~~
'Finished building: ../src/video_demo.c'
' '
'Building target: Zybo-Z7-10-HDMI.elf'
'Invoking: ARM v7 gcc linker'
arm-none-eabi-gcc -mcpu=cortex-a9 -mfpu=vfpv3 -mfloat-abi=hard -Wl,-build-id=none -specs=Xilinx.spec -Wl,-T -Wl,../src/lscript.ld -L../../Zybo-Z7-10-HDMI_bsp/ps7_cortexa9_0/lib -o "Zybo-Z7-10-HDMI.elf"  ./src/video_capture/video_capture.o  ./src/timer_ps/timer_ps.o  ./src/intc/intc.o  ./src/dynclk/dynclk.o  ./src/display_ctrl/display_ctrl.o  ./src/video_demo.o   -Wl,--start-group,-lxil,-lgcc,-lc,--end-group
'Finished building target: Zybo-Z7-10-HDMI.elf'
' '
'Invoking: ARM v7 Print Size'
arm-none-eabi-size Zybo-Z7-10-HDMI.elf  |tee "Zybo-Z7-10-HDMI.elf.size"
   text	   data	    bss	    dec	    hex	filename
 114740	   3520	6247360	6365620	 6121b4	Zybo-Z7-10-HDMI.elf
'Finished building: Zybo-Z7-10-HDMI.elf.size'
' '
11:56:41 **** Auto Build of configuration Debug for project Zybo-Z7-10-HDMI ****
make pre-build main-build 
a9-linaro-pre-build-step
' '
'Building file: ../src/video_demo.c'
'Invoking: ARM v7 gcc compiler'
arm-none-eabi-gcc -Wall -O0 -g3 -c -fmessage-length=0 -MT"src/video_demo.o" -mcpu=cortex-a9 -mfpu=vfpv3 -mfloat-abi=hard -I../../Zybo-Z7-10-HDMI_bsp/ps7_cortexa9_0/include -MMD -MP -MF"src/video_demo.d" -MT"src/video_demo.o" -o "src/video_demo.o" "../src/video_demo.c"
../src/video_demo.c: In function 'PrintPattern':
../src/video_demo.c:437:15: warning: unused variable 'yInc' [-Wunused-variable]
  double xInc, yInc;
               ^~~~
../src/video_demo.c:437:9: warning: variable 'xInc' set but not used [-Wunused-but-set-variable]
  double xInc, yInc;
         ^~~~
../src/video_demo.c:436:12: warning: unused variable 'yInt' [-Wunused-variable]
  u32 yMid, yInt;
            ^~~~
../src/video_demo.c:436:6: warning: unused variable 'yMid' [-Wunused-variable]
  u32 yMid, yInt;
      ^~~~
../src/video_demo.c:435:19: warning: unused variable 'xRight' [-Wunused-variable]
  u32 xLeft, xMid, xRight, xInt;
                   ^~~~~~
../src/video_demo.c:435:13: warning: unused variable 'xMid' [-Wunused-variable]
  u32 xLeft, xMid, xRight, xInt;
             ^~~~
../src/video_demo.c:435:6: warning: unused variable 'xLeft' [-Wunused-variable]
  u32 xLeft, xMid, xRight, xInt;
      ^~~~~
../src/video_demo.c:434:30: warning: unused variable 'fColor' [-Wunused-variable]
  double fRed, fBlue, fGreen, fColor;
                              ^~~~~~
../src/video_demo.c:434:22: warning: unused variable 'fGreen' [-Wunused-variable]
  double fRed, fBlue, fGreen, fColor;
                      ^~~~~~
../src/video_demo.c:434:15: warning: unused variable 'fBlue' [-Wunused-variable]
  double fRed, fBlue, fGreen, fColor;
               ^~~~~
../src/video_demo.c:434:9: warning: unused variable 'fRed' [-Wunused-variable]
  double fRed, fBlue, fGreen, fColor;
         ^~~~
../src/video_demo.c:433:6: warning: unused variable 'wCurrentInt' [-Wunused-variable]
  u32 wCurrentInt;
      ^~~~~~~~~~~
../src/video_demo.c:432:18: warning: unused variable 'wGreen' [-Wunused-variable]
  u8 wRed, wBlue, wGreen;
                  ^~~~~~
../src/video_demo.c:432:11: warning: unused variable 'wBlue' [-Wunused-variable]
  u8 wRed, wBlue, wGreen;
           ^~~~~
../src/video_demo.c:432:5: warning: unused variable 'wRed' [-Wunused-variable]
  u8 wRed, wBlue, wGreen;
     ^~~~
'Finished building: ../src/video_demo.c'
' '
'Building target: Zybo-Z7-10-HDMI.elf'
'Invoking: ARM v7 gcc linker'
arm-none-eabi-gcc -mcpu=cortex-a9 -mfpu=vfpv3 -mfloat-abi=hard -Wl,-build-id=none -specs=Xilinx.spec -Wl,-T -Wl,../src/lscript.ld -L../../Zybo-Z7-10-HDMI_bsp/ps7_cortexa9_0/lib -o "Zybo-Z7-10-HDMI.elf"  ./src/video_capture/video_capture.o  ./src/timer_ps/timer_ps.o  ./src/intc/intc.o  ./src/dynclk/dynclk.o  ./src/display_ctrl/display_ctrl.o  ./src/video_demo.o   -Wl,--start-group,-lxil,-lgcc,-lc,--end-group
'Finished building target: Zybo-Z7-10-HDMI.elf'
' '
'Invoking: ARM v7 Print Size'
arm-none-eabi-size Zybo-Z7-10-HDMI.elf  |tee "Zybo-Z7-10-HDMI.elf.size"
   text	   data	    bss	    dec	    hex	filename
 114740	   3520	6247360	6365620	 6121b4	Zybo-Z7-10-HDMI.elf
'Finished building: Zybo-Z7-10-HDMI.elf.size'
' '
11:58:17 **** Auto Build of configuration Debug for project Zybo-Z7-10-HDMI ****
make pre-build main-build 
a9-linaro-pre-build-step
' '
'Building file: ../src/video_demo.c'
'Invoking: ARM v7 gcc compiler'
arm-none-eabi-gcc -Wall -O0 -g3 -c -fmessage-length=0 -MT"src/video_demo.o" -mcpu=cortex-a9 -mfpu=vfpv3 -mfloat-abi=hard -I../../Zybo-Z7-10-HDMI_bsp/ps7_cortexa9_0/include -MMD -MP -MF"src/video_demo.d" -MT"src/video_demo.o" -o "src/video_demo.o" "../src/video_demo.c"
../src/video_demo.c: In function 'DemoInitialize':
../src/video_demo.c:171:2: warning: implicit declaration of function 'PatternPrint' [-Wimplicit-function-declaration]
  PatternPrint(dispCtrl.framePtr[dispCtrl.curFrame], dispCtrl.vMode.width, dispCtrl.vMode.height, dispCtrl.stride, TIC_TAC_TOE);
  ^~~~~~~~~~~~
../src/video_demo.c: In function 'PrintPattern':
../src/video_demo.c:437:15: warning: unused variable 'yInc' [-Wunused-variable]
  double xInc, yInc;
               ^~~~
../src/video_demo.c:437:9: warning: variable 'xInc' set but not used [-Wunused-but-set-variable]
  double xInc, yInc;
         ^~~~
../src/video_demo.c:436:12: warning: unused variable 'yInt' [-Wunused-variable]
  u32 yMid, yInt;
            ^~~~
../src/video_demo.c:436:6: warning: unused variable 'yMid' [-Wunused-variable]
  u32 yMid, yInt;
      ^~~~
../src/video_demo.c:435:19: warning: unused variable 'xRight' [-Wunused-variable]
  u32 xLeft, xMid, xRight, xInt;
                   ^~~~~~
../src/video_demo.c:435:13: warning: unused variable 'xMid' [-Wunused-variable]
  u32 xLeft, xMid, xRight, xInt;
             ^~~~
../src/video_demo.c:435:6: warning: unused variable 'xLeft' [-Wunused-variable]
  u32 xLeft, xMid, xRight, xInt;
      ^~~~~
../src/video_demo.c:434:30: warning: unused variable 'fColor' [-Wunused-variable]
  double fRed, fBlue, fGreen, fColor;
                              ^~~~~~
../src/video_demo.c:434:22: warning: unused variable 'fGreen' [-Wunused-variable]
  double fRed, fBlue, fGreen, fColor;
                      ^~~~~~
../src/video_demo.c:434:15: warning: unused variable 'fBlue' [-Wunused-variable]
  double fRed, fBlue, fGreen, fColor;
               ^~~~~
../src/video_demo.c:434:9: warning: unused variable 'fRed' [-Wunused-variable]
  double fRed, fBlue, fGreen, fColor;
         ^~~~
../src/video_demo.c:433:6: warning: unused variable 'wCurrentInt' [-Wunused-variable]
  u32 wCurrentInt;
      ^~~~~~~~~~~
../src/video_demo.c:432:18: warning: unused variable 'wGreen' [-Wunused-variable]
  u8 wRed, wBlue, wGreen;
                  ^~~~~~
../src/video_demo.c:432:11: warning: unused variable 'wBlue' [-Wunused-variable]
  u8 wRed, wBlue, wGreen;
           ^~~~~
../src/video_demo.c:432:5: warning: unused variable 'wRed' [-Wunused-variable]
  u8 wRed, wBlue, wGreen;
     ^~~~
'Finished building: ../src/video_demo.c'
' '
'Building target: Zybo-Z7-10-HDMI.elf'
'Invoking: ARM v7 gcc linker'
arm-none-eabi-gcc -mcpu=cortex-a9 -mfpu=vfpv3 -mfloat-abi=hard -Wl,-build-id=none -specs=Xilinx.spec -Wl,-T -Wl,../src/lscript.ld -L../../Zybo-Z7-10-HDMI_bsp/ps7_cortexa9_0/lib -o "Zybo-Z7-10-HDMI.elf"  ./src/video_capture/video_capture.o  ./src/timer_ps/timer_ps.o  ./src/intc/intc.o  ./src/dynclk/dynclk.o  ./src/display_ctrl/display_ctrl.o  ./src/video_demo.o   -Wl,--start-group,-lxil,-lgcc,-lc,--end-group
./src/video_demo.o: In function `DemoInitialize':
C:\Users\Thomas\Documents\GitHub\TicTacToe\Zybo-Z7-10-HDMI-2018.2-2\vivado_proj\zybo-z7-10-hdmi.sdk\Zybo-Z7-10-HDMI\Debug/../src/video_demo.c:171: undefined reference to `PatternPrint'
collect2.exe: error: ld returned 1 exit status
make: *** [makefile:46: Zybo-Z7-10-HDMI.elf] Error 1
11:58:26 **** Auto Build of configuration Debug for project Zybo-Z7-10-HDMI ****
make pre-build main-build 
a9-linaro-pre-build-step
' '
'Building file: ../src/video_demo.c'
'Invoking: ARM v7 gcc compiler'
arm-none-eabi-gcc -Wall -O0 -g3 -c -fmessage-length=0 -MT"src/video_demo.o" -mcpu=cortex-a9 -mfpu=vfpv3 -mfloat-abi=hard -I../../Zybo-Z7-10-HDMI_bsp/ps7_cortexa9_0/include -MMD -MP -MF"src/video_demo.d" -MT"src/video_demo.o" -o "src/video_demo.o" "../src/video_demo.c"
../src/video_demo.c: In function 'PrintPattern':
../src/video_demo.c:437:15: warning: unused variable 'yInc' [-Wunused-variable]
  double xInc, yInc;
               ^~~~
../src/video_demo.c:437:9: warning: variable 'xInc' set but not used [-Wunused-but-set-variable]
  double xInc, yInc;
         ^~~~
../src/video_demo.c:436:12: warning: unused variable 'yInt' [-Wunused-variable]
  u32 yMid, yInt;
            ^~~~
../src/video_demo.c:436:6: warning: unused variable 'yMid' [-Wunused-variable]
  u32 yMid, yInt;
      ^~~~
../src/video_demo.c:435:19: warning: unused variable 'xRight' [-Wunused-variable]
  u32 xLeft, xMid, xRight, xInt;
                   ^~~~~~
../src/video_demo.c:435:13: warning: unused variable 'xMid' [-Wunused-variable]
  u32 xLeft, xMid, xRight, xInt;
             ^~~~
../src/video_demo.c:435:6: warning: unused variable 'xLeft' [-Wunused-variable]
  u32 xLeft, xMid, xRight, xInt;
      ^~~~~
../src/video_demo.c:434:30: warning: unused variable 'fColor' [-Wunused-variable]
  double fRed, fBlue, fGreen, fColor;
                              ^~~~~~
../src/video_demo.c:434:22: warning: unused variable 'fGreen' [-Wunused-variable]
  double fRed, fBlue, fGreen, fColor;
                      ^~~~~~
../src/video_demo.c:434:15: warning: unused variable 'fBlue' [-Wunused-variable]
  double fRed, fBlue, fGreen, fColor;
               ^~~~~
../src/video_demo.c:434:9: warning: unused variable 'fRed' [-Wunused-variable]
  double fRed, fBlue, fGreen, fColor;
         ^~~~
../src/video_demo.c:433:6: warning: unused variable 'wCurrentInt' [-Wunused-variable]
  u32 wCurrentInt;
      ^~~~~~~~~~~
../src/video_demo.c:432:18: warning: unused variable 'wGreen' [-Wunused-variable]
  u8 wRed, wBlue, wGreen;
                  ^~~~~~
../src/video_demo.c:432:11: warning: unused variable 'wBlue' [-Wunused-variable]
  u8 wRed, wBlue, wGreen;
           ^~~~~
../src/video_demo.c:432:5: warning: unused variable 'wRed' [-Wunused-variable]
  u8 wRed, wBlue, wGreen;
     ^~~~
'Finished building: ../src/video_demo.c'
' '
'Building target: Zybo-Z7-10-HDMI.elf'
'Invoking: ARM v7 gcc linker'
arm-none-eabi-gcc -mcpu=cortex-a9 -mfpu=vfpv3 -mfloat-abi=hard -Wl,-build-id=none -specs=Xilinx.spec -Wl,-T -Wl,../src/lscript.ld -L../../Zybo-Z7-10-HDMI_bsp/ps7_cortexa9_0/lib -o "Zybo-Z7-10-HDMI.elf"  ./src/video_capture/video_capture.o  ./src/timer_ps/timer_ps.o  ./src/intc/intc.o  ./src/dynclk/dynclk.o  ./src/display_ctrl/display_ctrl.o  ./src/video_demo.o   -Wl,--start-group,-lxil,-lgcc,-lc,--end-group
'Finished building target: Zybo-Z7-10-HDMI.elf'
' '
'Invoking: ARM v7 Print Size'
arm-none-eabi-size Zybo-Z7-10-HDMI.elf  |tee "Zybo-Z7-10-HDMI.elf.size"
   text	   data	    bss	    dec	    hex	filename
 114804	   3520	6247360	6365684	 6121f4	Zybo-Z7-10-HDMI.elf
'Finished building: Zybo-Z7-10-HDMI.elf.size'
' '
11:58:36 **** Incremental Build of configuration Debug for project Zybo-Z7-10-HDMI ****
make pre-build main-build 
a9-linaro-pre-build-step
' '
make: Nothing to be done for 'main-build'.
12:00:52 **** Auto Build of configuration Debug for project Zybo-Z7-10-HDMI ****
make pre-build main-build 
a9-linaro-pre-build-step
' '
'Building file: ../src/video_demo.c'
'Invoking: ARM v7 gcc compiler'
arm-none-eabi-gcc -Wall -O0 -g3 -c -fmessage-length=0 -MT"src/video_demo.o" -mcpu=cortex-a9 -mfpu=vfpv3 -mfloat-abi=hard -I../../Zybo-Z7-10-HDMI_bsp/ps7_cortexa9_0/include -MMD -MP -MF"src/video_demo.d" -MT"src/video_demo.o" -o "src/video_demo.o" "../src/video_demo.c"
../src/video_demo.c: In function 'main':
../src/video_demo.c:88:2: error: too few arguments to function 'DisplayInitialize'
  DisplayInitialize();
  ^~~~~~~~~~~~~~~~~
In file included from ../src/video_demo.c:30:0:
../src/display_ctrl/display_ctrl.h:101:5: note: declared here
 int DisplayInitialize(DisplayCtrl *dispPtr, XAxiVdma *vdma, u16 vtcId, u32 dynClkAddr, u8 *framePtr[DISPLAY_NUM_FRAMES], u32 stride);
     ^~~~~~~~~~~~~~~~~
../src/video_demo.c:89:2: warning: implicit declaration of function 'GameRun'; did you mean 'DemoRun'? [-Wimplicit-function-declaration]
  GameRun();
  ^~~~~~~
  DemoRun
../src/video_demo.c: At top level:
../src/video_demo.c:95:6: error: conflicting types for 'DisplayInitialize'
 void DisplayInitialize()
      ^~~~~~~~~~~~~~~~~
In file included from ../src/video_demo.c:30:0:
../src/display_ctrl/display_ctrl.h:101:5: note: previous declaration of 'DisplayInitialize' was here
 int DisplayInitialize(DisplayCtrl *dispPtr, XAxiVdma *vdma, u16 vtcId, u32 dynClkAddr, u8 *framePtr[DISPLAY_NUM_FRAMES], u32 stride);
     ^~~~~~~~~~~~~~~~~
../src/video_demo.c: In function 'DisplayInitialize':
../src/video_demo.c:133:9: error: void value not ignored as it ought to be
  Status = DisplayInitialize(&dispCtrl, &vdma, HDMI_OUT_VTC_ID, DYNCLK_BASEADDR, pFrames, DEMO_STRIDE);
         ^
../src/video_demo.c: In function 'PrintPattern':
../src/video_demo.c:427:15: warning: unused variable 'yInc' [-Wunused-variable]
  double xInc, yInc;
               ^~~~
../src/video_demo.c:427:9: warning: variable 'xInc' set but not used [-Wunused-but-set-variable]
  double xInc, yInc;
         ^~~~
../src/video_demo.c:426:12: warning: unused variable 'yInt' [-Wunused-variable]
  u32 yMid, yInt;
            ^~~~
../src/video_demo.c:426:6: warning: unused variable 'yMid' [-Wunused-variable]
  u32 yMid, yInt;
      ^~~~
../src/video_demo.c:425:19: warning: unused variable 'xRight' [-Wunused-variable]
  u32 xLeft, xMid, xRight, xInt;
                   ^~~~~~
../src/video_demo.c:425:13: warning: unused variable 'xMid' [-Wunused-variable]
  u32 xLeft, xMid, xRight, xInt;
             ^~~~
../src/video_demo.c:425:6: warning: unused variable 'xLeft' [-Wunused-variable]
  u32 xLeft, xMid, xRight, xInt;
      ^~~~~
../src/video_demo.c:424:30: warning: unused variable 'fColor' [-Wunused-variable]
  double fRed, fBlue, fGreen, fColor;
                              ^~~~~~
../src/video_demo.c:424:22: warning: unused variable 'fGreen' [-Wunused-variable]
  double fRed, fBlue, fGreen, fColor;
                      ^~~~~~
../src/video_demo.c:424:15: warning: unused variable 'fBlue' [-Wunused-variable]
  double fRed, fBlue, fGreen, fColor;
               ^~~~~
../src/video_demo.c:424:9: warning: unused variable 'fRed' [-Wunused-variable]
  double fRed, fBlue, fGreen, fColor;
         ^~~~
../src/video_demo.c:423:6: warning: unused variable 'wCurrentInt' [-Wunused-variable]
  u32 wCurrentInt;
      ^~~~~~~~~~~
../src/video_demo.c:422:18: warning: unused variable 'wGreen' [-Wunused-variable]
  u8 wRed, wBlue, wGreen;
                  ^~~~~~
../src/video_demo.c:422:11: warning: unused variable 'wBlue' [-Wunused-variable]
  u8 wRed, wBlue, wGreen;
           ^~~~~
../src/video_demo.c:422:5: warning: unused variable 'wRed' [-Wunused-variable]
  u8 wRed, wBlue, wGreen;
     ^~~~
make: *** [src/subdir.mk:23: src/video_demo.o] Error 1
12:01:10 **** Auto Build of configuration Debug for project Zybo-Z7-10-HDMI ****
make pre-build main-build 
a9-linaro-pre-build-step
' '
'Building file: ../src/video_demo.c'
'Invoking: ARM v7 gcc compiler'
arm-none-eabi-gcc -Wall -O0 -g3 -c -fmessage-length=0 -MT"src/video_demo.o" -mcpu=cortex-a9 -mfpu=vfpv3 -mfloat-abi=hard -I../../Zybo-Z7-10-HDMI_bsp/ps7_cortexa9_0/include -MMD -MP -MF"src/video_demo.d" -MT"src/video_demo.o" -o "src/video_demo.o" "../src/video_demo.c"
../src/video_demo.c: In function 'main':
../src/video_demo.c:88:2: error: too few arguments to function 'DisplayInitialize'
  DisplayInitialize();
  ^~~~~~~~~~~~~~~~~
In file included from ../src/video_demo.c:30:0:
../src/display_ctrl/display_ctrl.h:101:5: note: declared here
 int DisplayInitialize(DisplayCtrl *dispPtr, XAxiVdma *vdma, u16 vtcId, u32 dynClkAddr, u8 *framePtr[DISPLAY_NUM_FRAMES], u32 stride);
     ^~~~~~~~~~~~~~~~~
../src/video_demo.c:89:2: warning: implicit declaration of function 'GameRun'; did you mean 'DemoRun'? [-Wimplicit-function-declaration]
  GameRun();
  ^~~~~~~
  DemoRun
../src/video_demo.c: In function 'PrintPattern':
../src/video_demo.c:427:15: warning: unused variable 'yInc' [-Wunused-variable]
  double xInc, yInc;
               ^~~~
../src/video_demo.c:427:9: warning: variable 'xInc' set but not used [-Wunused-but-set-variable]
  double xInc, yInc;
         ^~~~
../src/video_demo.c:426:12: warning: unused variable 'yInt' [-Wunused-variable]
  u32 yMid, yInt;
            ^~~~
../src/video_demo.c:426:6: warning: unused variable 'yMid' [-Wunused-variable]
  u32 yMid, yInt;
      ^~~~
../src/video_demo.c:425:19: warning: unused variable 'xRight' [-Wunused-variable]
  u32 xLeft, xMid, xRight, xInt;
                   ^~~~~~
../src/video_demo.c:425:13: warning: unused variable 'xMid' [-Wunused-variable]
  u32 xLeft, xMid, xRight, xInt;
             ^~~~
../src/video_demo.c:425:6: warning: unused variable 'xLeft' [-Wunused-variable]
  u32 xLeft, xMid, xRight, xInt;
      ^~~~~
../src/video_demo.c:424:30: warning: unused variable 'fColor' [-Wunused-variable]
  double fRed, fBlue, fGreen, fColor;
                              ^~~~~~
../src/video_demo.c:424:22: warning: unused variable 'fGreen' [-Wunused-variable]
  double fRed, fBlue, fGreen, fColor;
                      ^~~~~~
../src/video_demo.c:424:15: warning: unused variable 'fBlue' [-Wunused-variable]
  double fRed, fBlue, fGreen, fColor;
               ^~~~~
../src/video_demo.c:424:9: warning: unused variable 'fRed' [-Wunused-variable]
  double fRed, fBlue, fGreen, fColor;
         ^~~~
../src/video_demo.c:423:6: warning: unused variable 'wCurrentInt' [-Wunused-variable]
  u32 wCurrentInt;
      ^~~~~~~~~~~
../src/video_demo.c:422:18: warning: unused variable 'wGreen' [-Wunused-variable]
  u8 wRed, wBlue, wGreen;
                  ^~~~~~
../src/video_demo.c:422:11: warning: unused variable 'wBlue' [-Wunused-variable]
  u8 wRed, wBlue, wGreen;
           ^~~~~
../src/video_demo.c:422:5: warning: unused variable 'wRed' [-Wunused-variable]
  u8 wRed, wBlue, wGreen;
     ^~~~
make: *** [src/subdir.mk:23: src/video_demo.o] Error 1
12:01:13 **** Auto Build of configuration Debug for project Zybo-Z7-10-HDMI ****
make pre-build main-build 
a9-linaro-pre-build-step
' '
'Building file: ../src/video_demo.c'
'Invoking: ARM v7 gcc compiler'
arm-none-eabi-gcc -Wall -O0 -g3 -c -fmessage-length=0 -MT"src/video_demo.o" -mcpu=cortex-a9 -mfpu=vfpv3 -mfloat-abi=hard -I../../Zybo-Z7-10-HDMI_bsp/ps7_cortexa9_0/include -MMD -MP -MF"src/video_demo.d" -MT"src/video_demo.o" -o "src/video_demo.o" "../src/video_demo.c"
../src/video_demo.c: In function 'main':
../src/video_demo.c:88:2: warning: implicit declaration of function 'Display_Initialize'; did you mean 'DisplayInitialize'? [-Wimplicit-function-declaration]
  Display_Initialize();
  ^~~~~~~~~~~~~~~~~~
  DisplayInitialize
../src/video_demo.c:89:2: warning: implicit declaration of function 'GameRun'; did you mean 'DemoRun'? [-Wimplicit-function-declaration]
  GameRun();
  ^~~~~~~
  DemoRun
../src/video_demo.c: At top level:
../src/video_demo.c:95:6: warning: conflicting types for 'Display_Initialize'
 void Display_Initialize()
      ^~~~~~~~~~~~~~~~~~
[...]
./src/video_demo.o: In function `main':
C:\Users\Thomas\Documents\GitHub\TicTacToe\Zybo-Z7-10-HDMI-2018.2-2\vivado_proj\zybo-z7-10-hdmi.sdk\Zybo-Z7-10-HDMI\Debug/../src/video_demo.c:89: undefined reference to `GameRun'
collect2.exe: error: ld returned 1 exit status
make: *** [makefile:46: Zybo-Z7-10-HDMI.elf] Error 1
12:01:25 **** Auto Build of configuration Debug for project Zybo-Z7-10-HDMI ****
make pre-build main-build 
a9-linaro-pre-build-step
' '
'Building file: ../src/video_demo.c'
'Invoking: ARM v7 gcc compiler'
arm-none-eabi-gcc -Wall -O0 -g3 -c -fmessage-length=0 -MT"src/video_demo.o" -mcpu=cortex-a9 -mfpu=vfpv3 -mfloat-abi=hard -I../../Zybo-Z7-10-HDMI_bsp/ps7_cortexa9_0/include -MMD -MP -MF"src/video_demo.d" -MT"src/video_demo.o" -o "src/video_demo.o" "../src/video_demo.c"
../src/video_demo.c: In function 'PrintPattern':
../src/video_demo.c:427:15: warning: unused variable 'yInc' [-Wunused-variable]
  double xInc, yInc;
               ^~~~
../src/video_demo.c:427:9: warning: variable 'xInc' set but not used [-Wunused-but-set-variable]
  double xInc, yInc;
         ^~~~
../src/video_demo.c:426:12: warning: unused variable 'yInt' [-Wunused-variable]
  u32 yMid, yInt;
            ^~~~
../src/video_demo.c:426:6: warning: unused variable 'yMid' [-Wunused-variable]
  u32 yMid, yInt;
      ^~~~
../src/video_demo.c:425:19: warning: unused variable 'xRight' [-Wunused-variable]
  u32 xLeft, xMid, xRight, xInt;
                   ^~~~~~
../src/video_demo.c:425:13: warning: unused variable 'xMid' [-Wunused-variable]
  u32 xLeft, xMid, xRight, xInt;
             ^~~~
../src/video_demo.c:425:6: warning: unused variable 'xLeft' [-Wunused-variable]
  u32 xLeft, xMid, xRight, xInt;
      ^~~~~
../src/video_demo.c:424:30: warning: unused variable 'fColor' [-Wunused-variable]
  double fRed, fBlue, fGreen, fColor;
                              ^~~~~~
../src/video_demo.c:424:22: warning: unused variable 'fGreen' [-Wunused-variable]
  double fRed, fBlue, fGreen, fColor;
                      ^~~~~~
../src/video_demo.c:424:15: warning: unused variable 'fBlue' [-Wunused-variable]
  double fRed, fBlue, fGreen, fColor;
               ^~~~~
../src/video_demo.c:424:9: warning: unused variable 'fRed' [-Wunused-variable]
  double fRed, fBlue, fGreen, fColor;
         ^~~~
../src/video_demo.c:423:6: warning: unused variable 'wCurrentInt' [-Wunused-variable]
  u32 wCurrentInt;
      ^~~~~~~~~~~
../src/video_demo.c:422:18: warning: unused variable 'wGreen' [-Wunused-variable]
  u8 wRed, wBlue, wGreen;
                  ^~~~~~
../src/video_demo.c:422:11: warning: unused variable 'wBlue' [-Wunused-variable]
  u8 wRed, wBlue, wGreen;
           ^~~~~
../src/video_demo.c:422:5: warning: unused variable 'wRed' [-Wunused-variable]
  u8 wRed, wBlue, wGreen;
     ^~~~
'Finished building: ../src/video_demo.c'
' '
'Building target: Zybo-Z7-10-HDMI.elf'
'Invoking: ARM v7 gcc linker'
arm-none-eabi-gcc -mcpu=cortex-a9 -mfpu=vfpv3 -mfloat-abi=hard -Wl,-build-id=none -specs=Xilinx.spec -Wl,-T -Wl,../src/lscript.ld -L../../Zybo-Z7-10-HDMI_bsp/ps7_cortexa9_0/lib -o "Zybo-Z7-10-HDMI.elf"  ./src/video_capture/video_capture.o  ./src/timer_ps/timer_ps.o  ./src/intc/intc.o  ./src/dynclk/dynclk.o  ./src/display_ctrl/display_ctrl.o  ./src/video_demo.o   -Wl,--start-group,-lxil,-lgcc,-lc,--end-group
./src/video_demo.o: In function `main':
C:\Users\Thomas\Documents\GitHub\TicTacToe\Zybo-Z7-10-HDMI-2018.2-2\vivado_proj\zybo-z7-10-hdmi.sdk\Zybo-Z7-10-HDMI\Debug/../src/video_demo.c:89: undefined reference to `GameRun'
collect2.exe: error: ld returned 1 exit status
make: *** [makefile:46: Zybo-Z7-10-HDMI.elf] Error 1
12:01:37 **** Auto Build of configuration Debug for project Zybo-Z7-10-HDMI ****
make pre-build main-build 
a9-linaro-pre-build-step
' '
'Building file: ../src/video_demo.c'
'Invoking: ARM v7 gcc compiler'
arm-none-eabi-gcc -Wall -O0 -g3 -c -fmessage-length=0 -MT"src/video_demo.o" -mcpu=cortex-a9 -mfpu=vfpv3 -mfloat-abi=hard -I../../Zybo-Z7-10-HDMI_bsp/ps7_cortexa9_0/include -MMD -MP -MF"src/video_demo.d" -MT"src/video_demo.o" -o "src/video_demo.o" "../src/video_demo.c"
../src/video_demo.c: In function 'PrintPattern':
../src/video_demo.c:427:15: warning: unused variable 'yInc' [-Wunused-variable]
  double xInc, yInc;
               ^~~~
../src/video_demo.c:427:9: warning: variable 'xInc' set but not used [-Wunused-but-set-variable]
  double xInc, yInc;
         ^~~~
../src/video_demo.c:426:12: warning: unused variable 'yInt' [-Wunused-variable]
  u32 yMid, yInt;
            ^~~~
../src/video_demo.c:426:6: warning: unused variable 'yMid' [-Wunused-variable]
  u32 yMid, yInt;
      ^~~~
../src/video_demo.c:425:19: warning: unused variable 'xRight' [-Wunused-variable]
  u32 xLeft, xMid, xRight, xInt;
                   ^~~~~~
../src/video_demo.c:425:13: warning: unused variable 'xMid' [-Wunused-variable]
  u32 xLeft, xMid, xRight, xInt;
             ^~~~
../src/video_demo.c:425:6: warning: unused variable 'xLeft' [-Wunused-variable]
  u32 xLeft, xMid, xRight, xInt;
      ^~~~~
../src/video_demo.c:424:30: warning: unused variable 'fColor' [-Wunused-variable]
  double fRed, fBlue, fGreen, fColor;
                              ^~~~~~
../src/video_demo.c:424:22: warning: unused variable 'fGreen' [-Wunused-variable]
  double fRed, fBlue, fGreen, fColor;
                      ^~~~~~
../src/video_demo.c:424:15: warning: unused variable 'fBlue' [-Wunused-variable]
  double fRed, fBlue, fGreen, fColor;
               ^~~~~
../src/video_demo.c:424:9: warning: unused variable 'fRed' [-Wunused-variable]
  double fRed, fBlue, fGreen, fColor;
         ^~~~
../src/video_demo.c:423:6: warning: unused variable 'wCurrentInt' [-Wunused-variable]
  u32 wCurrentInt;
      ^~~~~~~~~~~
../src/video_demo.c:422:18: warning: unused variable 'wGreen' [-Wunused-variable]
  u8 wRed, wBlue, wGreen;
                  ^~~~~~
../src/video_demo.c:422:11: warning: unused variable 'wBlue' [-Wunused-variable]
  u8 wRed, wBlue, wGreen;
           ^~~~~
../src/video_demo.c:422:5: warning: unused variable 'wRed' [-Wunused-variable]
  u8 wRed, wBlue, wGreen;
     ^~~~
'Finished building: ../src/video_demo.c'
' '
'Building target: Zybo-Z7-10-HDMI.elf'
'Invoking: ARM v7 gcc linker'
arm-none-eabi-gcc -mcpu=cortex-a9 -mfpu=vfpv3 -mfloat-abi=hard -Wl,-build-id=none -specs=Xilinx.spec -Wl,-T -Wl,../src/lscript.ld -L../../Zybo-Z7-10-HDMI_bsp/ps7_cortexa9_0/lib -o "Zybo-Z7-10-HDMI.elf"  ./src/video_capture/video_capture.o  ./src/timer_ps/timer_ps.o  ./src/intc/intc.o  ./src/dynclk/dynclk.o  ./src/display_ctrl/display_ctrl.o  ./src/video_demo.o   -Wl,--start-group,-lxil,-lgcc,-lc,--end-group
'Finished building target: Zybo-Z7-10-HDMI.elf'
' '
'Invoking: ARM v7 Print Size'
arm-none-eabi-size Zybo-Z7-10-HDMI.elf  |tee "Zybo-Z7-10-HDMI.elf.size"
   text	   data	    bss	    dec	    hex	filename
 114612	   3520	6247360	6365492	 612134	Zybo-Z7-10-HDMI.elf
'Finished building: Zybo-Z7-10-HDMI.elf.size'
' '
12:02:50 **** Auto Build of configuration Debug for project Zybo-Z7-10-HDMI ****
make pre-build main-build 
a9-linaro-pre-build-step
' '
'Building file: ../src/video_demo.c'
'Invoking: ARM v7 gcc compiler'
arm-none-eabi-gcc -Wall -O0 -g3 -c -fmessage-length=0 -MT"src/video_demo.o" -mcpu=cortex-a9 -mfpu=vfpv3 -mfloat-abi=hard -I../../Zybo-Z7-10-HDMI_bsp/ps7_cortexa9_0/include -MMD -MP -MF"src/video_demo.d" -MT"src/video_demo.o" -o "src/video_demo.o" "../src/video_demo.c"
../src/video_demo.c: In function 'GameRun':
../src/video_demo.c:215:3: error: duplicate case value
   case 'r':
   ^~~~
../src/video_demo.c:210:3: note: previously used here
   case 0x72:
   ^~~~
../src/video_demo.c: In function 'PrintPattern':
../src/video_demo.c:427:15: warning: unused variable 'yInc' [-Wunused-variable]
  double xInc, yInc;
               ^~~~
../src/video_demo.c:427:9: warning: variable 'xInc' set but not used [-Wunused-but-set-variable]
  double xInc, yInc;
         ^~~~
../src/video_demo.c:426:12: warning: unused variable 'yInt' [-Wunused-variable]
  u32 yMid, yInt;
            ^~~~
../src/video_demo.c:426:6: warning: unused variable 'yMid' [-Wunused-variable]
  u32 yMid, yInt;
      ^~~~
../src/video_demo.c:425:19: warning: unused variable 'xRight' [-Wunused-variable]
  u32 xLeft, xMid, xRight, xInt;
                   ^~~~~~
../src/video_demo.c:425:13: warning: unused variable 'xMid' [-Wunused-variable]
  u32 xLeft, xMid, xRight, xInt;
             ^~~~
../src/video_demo.c:425:6: warning: unused variable 'xLeft' [-Wunused-variable]
  u32 xLeft, xMid, xRight, xInt;
      ^~~~~
../src/video_demo.c:424:30: warning: unused variable 'fColor' [-Wunused-variable]
  double fRed, fBlue, fGreen, fColor;
                              ^~~~~~
../src/video_demo.c:424:22: warning: unused variable 'fGreen' [-Wunused-variable]
  double fRed, fBlue, fGreen, fColor;
                      ^~~~~~
../src/video_demo.c:424:15: warning: unused variable 'fBlue' [-Wunused-variable]
  double fRed, fBlue, fGreen, fColor;
               ^~~~~
../src/video_demo.c:424:9: warning: unused variable 'fRed' [-Wunused-variable]
  double fRed, fBlue, fGreen, fColor;
         ^~~~
../src/video_demo.c:423:6: warning: unused variable 'wCurrentInt' [-Wunused-variable]
  u32 wCurrentInt;
      ^~~~~~~~~~~
../src/video_demo.c:422:18: warning: unused variable 'wGreen' [-Wunused-variable]
  u8 wRed, wBlue, wGreen;
                  ^~~~~~
../src/video_demo.c:422:11: warning: unused variable 'wBlue' [-Wunused-variable]
  u8 wRed, wBlue, wGreen;
           ^~~~~
../src/video_demo.c:422:5: warning: unused variable 'wRed' [-Wunused-variable]
  u8 wRed, wBlue, wGreen;
     ^~~~
make: *** [src/subdir.mk:23: src/video_demo.o] Error 1
12:03:48 **** Auto Build of configuration Debug for project Zybo-Z7-10-HDMI ****
make pre-build main-build 
a9-linaro-pre-build-step
' '
'Building file: ../src/video_demo.c'
'Invoking: ARM v7 gcc compiler'
arm-none-eabi-gcc -Wall -O0 -g3 -c -fmessage-length=0 -MT"src/video_demo.o" -mcpu=cortex-a9 -mfpu=vfpv3 -mfloat-abi=hard -I../../Zybo-Z7-10-HDMI_bsp/ps7_cortexa9_0/include -MMD -MP -MF"src/video_demo.d" -MT"src/video_demo.o" -o "src/video_demo.o" "../src/video_demo.c"
../src/video_demo.c: In function 'PrintPattern':
../src/video_demo.c:427:15: warning: unused variable 'yInc' [-Wunused-variable]
  double xInc, yInc;
               ^~~~
../src/video_demo.c:427:9: warning: variable 'xInc' set but not used [-Wunused-but-set-variable]
  double xInc, yInc;
         ^~~~
../src/video_demo.c:426:12: warning: unused variable 'yInt' [-Wunused-variable]
  u32 yMid, yInt;
            ^~~~
../src/video_demo.c:426:6: warning: unused variable 'yMid' [-Wunused-variable]
  u32 yMid, yInt;
      ^~~~
../src/video_demo.c:425:19: warning: unused variable 'xRight' [-Wunused-variable]
  u32 xLeft, xMid, xRight, xInt;
                   ^~~~~~
../src/video_demo.c:425:13: warning: unused variable 'xMid' [-Wunused-variable]
  u32 xLeft, xMid, xRight, xInt;
             ^~~~
../src/video_demo.c:425:6: warning: unused variable 'xLeft' [-Wunused-variable]
  u32 xLeft, xMid, xRight, xInt;
      ^~~~~
../src/video_demo.c:424:30: warning: unused variable 'fColor' [-Wunused-variable]
  double fRed, fBlue, fGreen, fColor;
                              ^~~~~~
../src/video_demo.c:424:22: warning: unused variable 'fGreen' [-Wunused-variable]
  double fRed, fBlue, fGreen, fColor;
                      ^~~~~~
../src/video_demo.c:424:15: warning: unused variable 'fBlue' [-Wunused-variable]
  double fRed, fBlue, fGreen, fColor;
               ^~~~~
../src/video_demo.c:424:9: warning: unused variable 'fRed' [-Wunused-variable]
  double fRed, fBlue, fGreen, fColor;
         ^~~~
../src/video_demo.c:423:6: warning: unused variable 'wCurrentInt' [-Wunused-variable]
  u32 wCurrentInt;
      ^~~~~~~~~~~
../src/video_demo.c:422:18: warning: unused variable 'wGreen' [-Wunused-variable]
  u8 wRed, wBlue, wGreen;
                  ^~~~~~
../src/video_demo.c:422:11: warning: unused variable 'wBlue' [-Wunused-variable]
  u8 wRed, wBlue, wGreen;
           ^~~~~
../src/video_demo.c:422:5: warning: unused variable 'wRed' [-Wunused-variable]
  u8 wRed, wBlue, wGreen;
     ^~~~
'Finished building: ../src/video_demo.c'
' '
'Building target: Zybo-Z7-10-HDMI.elf'
'Invoking: ARM v7 gcc linker'
arm-none-eabi-gcc -mcpu=cortex-a9 -mfpu=vfpv3 -mfloat-abi=hard -Wl,-build-id=none -specs=Xilinx.spec -Wl,-T -Wl,../src/lscript.ld -L../../Zybo-Z7-10-HDMI_bsp/ps7_cortexa9_0/lib -o "Zybo-Z7-10-HDMI.elf"  ./src/video_capture/video_capture.o  ./src/timer_ps/timer_ps.o  ./src/intc/intc.o  ./src/dynclk/dynclk.o  ./src/display_ctrl/display_ctrl.o  ./src/video_demo.o   -Wl,--start-group,-lxil,-lgcc,-lc,--end-group
'Finished building target: Zybo-Z7-10-HDMI.elf'
' '
'Invoking: ARM v7 Print Size'
arm-none-eabi-size Zybo-Z7-10-HDMI.elf  |tee "Zybo-Z7-10-HDMI.elf.size"
   text	   data	    bss	    dec	    hex	filename
 114612	   3520	6247360	6365492	 612134	Zybo-Z7-10-HDMI.elf
'Finished building: Zybo-Z7-10-HDMI.elf.size'
' '
12:03:57 **** Auto Build of configuration Debug for project Zybo-Z7-10-HDMI ****
make pre-build main-build 
a9-linaro-pre-build-step
' '
'Building file: ../src/video_demo.c'
'Invoking: ARM v7 gcc compiler'
arm-none-eabi-gcc -Wall -O0 -g3 -c -fmessage-length=0 -MT"src/video_demo.o" -mcpu=cortex-a9 -mfpu=vfpv3 -mfloat-abi=hard -I../../Zybo-Z7-10-HDMI_bsp/ps7_cortexa9_0/include -MMD -MP -MF"src/video_demo.d" -MT"src/video_demo.o" -o "src/video_demo.o" "../src/video_demo.c"
../src/video_demo.c: In function 'PrintPattern':
../src/video_demo.c:427:15: warning: unused variable 'yInc' [-Wunused-variable]
  double xInc, yInc;
               ^~~~
../src/video_demo.c:427:9: warning: variable 'xInc' set but not used [-Wunused-but-set-variable]
  double xInc, yInc;
         ^~~~
../src/video_demo.c:426:12: warning: unused variable 'yInt' [-Wunused-variable]
  u32 yMid, yInt;
            ^~~~
../src/video_demo.c:426:6: warning: unused variable 'yMid' [-Wunused-variable]
  u32 yMid, yInt;
      ^~~~
../src/video_demo.c:425:19: warning: unused variable 'xRight' [-Wunused-variable]
  u32 xLeft, xMid, xRight, xInt;
                   ^~~~~~
../src/video_demo.c:425:13: warning: unused variable 'xMid' [-Wunused-variable]
  u32 xLeft, xMid, xRight, xInt;
             ^~~~
../src/video_demo.c:425:6: warning: unused variable 'xLeft' [-Wunused-variable]
  u32 xLeft, xMid, xRight, xInt;
      ^~~~~
../src/video_demo.c:424:30: warning: unused variable 'fColor' [-Wunused-variable]
  double fRed, fBlue, fGreen, fColor;
                              ^~~~~~
../src/video_demo.c:424:22: warning: unused variable 'fGreen' [-Wunused-variable]
  double fRed, fBlue, fGreen, fColor;
                      ^~~~~~
../src/video_demo.c:424:15: warning: unused variable 'fBlue' [-Wunused-variable]
  double fRed, fBlue, fGreen, fColor;
               ^~~~~
../src/video_demo.c:424:9: warning: unused variable 'fRed' [-Wunused-variable]
  double fRed, fBlue, fGreen, fColor;
         ^~~~
../src/video_demo.c:423:6: warning: unused variable 'wCurrentInt' [-Wunused-variable]
  u32 wCurrentInt;
      ^~~~~~~~~~~
../src/video_demo.c:422:18: warning: unused variable 'wGreen' [-Wunused-variable]
  u8 wRed, wBlue, wGreen;
                  ^~~~~~
../src/video_demo.c:422:11: warning: unused variable 'wBlue' [-Wunused-variable]
  u8 wRed, wBlue, wGreen;
           ^~~~~
../src/video_demo.c:422:5: warning: unused variable 'wRed' [-Wunused-variable]
  u8 wRed, wBlue, wGreen;
     ^~~~
'Finished building: ../src/video_demo.c'
' '
'Building target: Zybo-Z7-10-HDMI.elf'
'Invoking: ARM v7 gcc linker'
arm-none-eabi-gcc -mcpu=cortex-a9 -mfpu=vfpv3 -mfloat-abi=hard -Wl,-build-id=none -specs=Xilinx.spec -Wl,-T -Wl,../src/lscript.ld -L../../Zybo-Z7-10-HDMI_bsp/ps7_cortexa9_0/lib -o "Zybo-Z7-10-HDMI.elf"  ./src/video_capture/video_capture.o  ./src/timer_ps/timer_ps.o  ./src/intc/intc.o  ./src/dynclk/dynclk.o  ./src/display_ctrl/display_ctrl.o  ./src/video_demo.o   -Wl,--start-group,-lxil,-lgcc,-lc,--end-group
'Finished building target: Zybo-Z7-10-HDMI.elf'
' '
'Invoking: ARM v7 Print Size'
arm-none-eabi-size Zybo-Z7-10-HDMI.elf  |tee "Zybo-Z7-10-HDMI.elf.size"
   text	   data	    bss	    dec	    hex	filename
 114612	   3520	6247360	6365492	 612134	Zybo-Z7-10-HDMI.elf
'Finished building: Zybo-Z7-10-HDMI.elf.size'
' '
12:04:15 **** Auto Build of configuration Debug for project Zybo-Z7-10-HDMI ****
make pre-build main-build 
a9-linaro-pre-build-step
' '
'Building file: ../src/video_demo.c'
'Invoking: ARM v7 gcc compiler'
arm-none-eabi-gcc -Wall -O0 -g3 -c -fmessage-length=0 -MT"src/video_demo.o" -mcpu=cortex-a9 -mfpu=vfpv3 -mfloat-abi=hard -I../../Zybo-Z7-10-HDMI_bsp/ps7_cortexa9_0/include -MMD -MP -MF"src/video_demo.d" -MT"src/video_demo.o" -o "src/video_demo.o" "../src/video_demo.c"
../src/video_demo.c: In function 'GameRun':
../src/video_demo.c:168:6: warning: unused variable 'nextFrame' [-Wunused-variable]
  int nextFrame = 0;
      ^~~~~~~~~
../src/video_demo.c: In function 'PrintPattern':
../src/video_demo.c:419:15: warning: unused variable 'yInc' [-Wunused-variable]
  double xInc, yInc;
               ^~~~
../src/video_demo.c:419:9: warning: variable 'xInc' set but not used [-Wunused-but-set-variable]
  double xInc, yInc;
         ^~~~
../src/video_demo.c:418:12: warning: unused variable 'yInt' [-Wunused-variable]
  u32 yMid, yInt;
            ^~~~
../src/video_demo.c:418:6: warning: unused variable 'yMid' [-Wunused-variable]
  u32 yMid, yInt;
      ^~~~
../src/video_demo.c:417:19: warning: unused variable 'xRight' [-Wunused-variable]
  u32 xLeft, xMid, xRight, xInt;
                   ^~~~~~
../src/video_demo.c:417:13: warning: unused variable 'xMid' [-Wunused-variable]
  u32 xLeft, xMid, xRight, xInt;
             ^~~~
../src/video_demo.c:417:6: warning: unused variable 'xLeft' [-Wunused-variable]
  u32 xLeft, xMid, xRight, xInt;
      ^~~~~
../src/video_demo.c:416:30: warning: unused variable 'fColor' [-Wunused-variable]
  double fRed, fBlue, fGreen, fColor;
                              ^~~~~~
../src/video_demo.c:416:22: warning: unused variable 'fGreen' [-Wunused-variable]
  double fRed, fBlue, fGreen, fColor;
                      ^~~~~~
../src/video_demo.c:416:15: warning: unused variable 'fBlue' [-Wunused-variable]
  double fRed, fBlue, fGreen, fColor;
               ^~~~~
../src/video_demo.c:416:9: warning: unused variable 'fRed' [-Wunused-variable]
  double fRed, fBlue, fGreen, fColor;
         ^~~~
../src/video_demo.c:415:6: warning: unused variable 'wCurrentInt' [-Wunused-variable]
  u32 wCurrentInt;
      ^~~~~~~~~~~
../src/video_demo.c:414:18: warning: unused variable 'wGreen' [-Wunused-variable]
  u8 wRed, wBlue, wGreen;
                  ^~~~~~
../src/video_demo.c:414:11: warning: unused variable 'wBlue' [-Wunused-variable]
  u8 wRed, wBlue, wGreen;
           ^~~~~
../src/video_demo.c:414:5: warning: unused variable 'wRed' [-Wunused-variable]
  u8 wRed, wBlue, wGreen;
     ^~~~
'Finished building: ../src/video_demo.c'
' '
'Building target: Zybo-Z7-10-HDMI.elf'
'Invoking: ARM v7 gcc linker'
arm-none-eabi-gcc -mcpu=cortex-a9 -mfpu=vfpv3 -mfloat-abi=hard -Wl,-build-id=none -specs=Xilinx.spec -Wl,-T -Wl,../src/lscript.ld -L../../Zybo-Z7-10-HDMI_bsp/ps7_cortexa9_0/lib -o "Zybo-Z7-10-HDMI.elf"  ./src/video_capture/video_capture.o  ./src/timer_ps/timer_ps.o  ./src/intc/intc.o  ./src/dynclk/dynclk.o  ./src/display_ctrl/display_ctrl.o  ./src/video_demo.o   -Wl,--start-group,-lxil,-lgcc,-lc,--end-group
'Finished building target: Zybo-Z7-10-HDMI.elf'
' '
'Invoking: ARM v7 Print Size'
arm-none-eabi-size Zybo-Z7-10-HDMI.elf  |tee "Zybo-Z7-10-HDMI.elf.size"
   text	   data	    bss	    dec	    hex	filename
 114548	   3520	6247360	6365428	 6120f4	Zybo-Z7-10-HDMI.elf
'Finished building: Zybo-Z7-10-HDMI.elf.size'
' '
